Component: ARM Compiler 5.06 update 7 (build 960) Tool: armlink [4d3601]

==============================================================================

Section Cross References

    main.o(i.main) refers to i2c_hardware.o(i.I2C_HW_Init) for I2C_HW_Init
    main.o(i.main) refers to oled.o(i.OLED_Init) for OLED_Init
    main.o(i.main) refers to uart.o(i.UART_Init) for UART_Init
    main.o(i.main) refers to uart.o(i.UART_printf) for UART_printf
    main.o(i.main) refers to oled.o(i.OLED_ShowString) for OLED_ShowString
    main.o(i.main) refers to delay.o(i.Delay_ms) for Delay_ms
    main.o(i.main) refers to oled.o(i.OLED_SetDisplayMode) for OLED_SetDisplayMode
    main.o(i.main) refers to oled.o(i.OLED_SetCursor) for OLED_SetCursor
    main.o(i.main) refers to oled.o(i.OLED_WriteData) for OLED_WriteData
    main.o(i.main) refers to oled.o(i.OLED_Scroll_VH) for OLED_Scroll_VH
    main.o(i.main) refers to oled.o(i.OLED_Stop_Scroll) for OLED_Stop_Scroll
    main.o(i.main) refers to oled.o(i.OLED_ClearLine) for OLED_ClearLine
    main.o(i.main) refers to uart.o(i.UART_GetRecStatus) for UART_GetRecStatus
    main.o(i.main) refers to uart.o(i.UART_SendData) for UART_SendData
    main.o(i.main) refers to oled.o(i.OLED_ShowChar) for OLED_ShowChar
    main.o(i.main) refers to uart.o(i.UART_GetRecLength) for UART_GetRecLength
    main.o(i.main) refers to uart.o(i.UART_ResetRecStatus) for UART_ResetRecStatus
    main.o(i.main) refers to main.o(.constdata) for .constdata
    main.o(i.main) refers to uart.o(.bss) for UART_RX_BUF
    main.o(.constdata) refers to i2c_hardware.o(i.I2C_HW_Start) for I2C_HW_Start
    main.o(.constdata) refers to i2c_hardware.o(i.I2C_HW_SendAddr) for I2C_HW_SendAddr
    main.o(.constdata) refers to i2c_hardware.o(i.I2C_HW_SendByte) for I2C_HW_SendByte
    main.o(.constdata) refers to i2c_hardware.o(i.I2C_HW_Stop) for I2C_HW_Stop
    i2c_software.o(i.I2C_SW_Init) refers to stm32f10x_rcc.o(i.RCC_APB2PeriphClockCmd) for RCC_APB2PeriphClockCmd
    i2c_software.o(i.I2C_SW_Init) refers to stm32f10x_gpio.o(i.GPIO_Init) for GPIO_Init
    i2c_software.o(i.I2C_SW_Init) refers to stm32f10x_gpio.o(i.GPIO_WriteBit) for GPIO_WriteBit
    i2c_software.o(i.I2C_SW_ReadByte) refers to stm32f10x_gpio.o(i.GPIO_WriteBit) for GPIO_WriteBit
    i2c_software.o(i.I2C_SW_ReadByte) refers to stm32f10x_gpio.o(i.GPIO_ReadInputDataBit) for GPIO_ReadInputDataBit
    i2c_software.o(i.I2C_SW_ReadByte) refers to i2c_software.o(i.I2C_SW_SendAck) for I2C_SW_SendAck
    i2c_software.o(i.I2C_SW_SendAck) refers to stm32f10x_gpio.o(i.GPIO_WriteBit) for GPIO_WriteBit
    i2c_software.o(i.I2C_SW_SendByte) refers to stm32f10x_gpio.o(i.GPIO_WriteBit) for GPIO_WriteBit
    i2c_software.o(i.I2C_SW_Start) refers to stm32f10x_gpio.o(i.GPIO_WriteBit) for GPIO_WriteBit
    i2c_software.o(i.I2C_SW_Stop) refers to stm32f10x_gpio.o(i.GPIO_WriteBit) for GPIO_WriteBit
    i2c_software.o(i.I2C_SW_WaitAck) refers to stm32f10x_gpio.o(i.GPIO_WriteBit) for GPIO_WriteBit
    i2c_software.o(i.I2C_SW_WaitAck) refers to stm32f10x_gpio.o(i.GPIO_ReadInputDataBit) for GPIO_ReadInputDataBit
    i2c_hardware.o(i.I2C_HW_Init) refers to stm32f10x_rcc.o(i.RCC_APB2PeriphClockCmd) for RCC_APB2PeriphClockCmd
    i2c_hardware.o(i.I2C_HW_Init) refers to stm32f10x_rcc.o(i.RCC_APB1PeriphClockCmd) for RCC_APB1PeriphClockCmd
    i2c_hardware.o(i.I2C_HW_Init) refers to stm32f10x_gpio.o(i.GPIO_Init) for GPIO_Init
    i2c_hardware.o(i.I2C_HW_Init) refers to stm32f10x_i2c.o(i.I2C_Init) for I2C_Init
    i2c_hardware.o(i.I2C_HW_Init) refers to stm32f10x_i2c.o(i.I2C_Cmd) for I2C_Cmd
    i2c_hardware.o(i.I2C_HW_SendAddr) refers to stm32f10x_i2c.o(i.I2C_CheckEvent) for I2C_CheckEvent
    i2c_hardware.o(i.I2C_HW_SendAddr) refers to stm32f10x_i2c.o(i.I2C_Send7bitAddress) for I2C_Send7bitAddress
    i2c_hardware.o(i.I2C_HW_SendByte) refers to stm32f10x_i2c.o(i.I2C_CheckEvent) for I2C_CheckEvent
    i2c_hardware.o(i.I2C_HW_SendByte) refers to stm32f10x_i2c.o(i.I2C_SendData) for I2C_SendData
    i2c_hardware.o(i.I2C_HW_Start) refers to stm32f10x_i2c.o(i.I2C_GetFlagStatus) for I2C_GetFlagStatus
    i2c_hardware.o(i.I2C_HW_Start) refers to stm32f10x_i2c.o(i.I2C_GenerateSTART) for I2C_GenerateSTART
    i2c_hardware.o(i.I2C_HW_Stop) refers to stm32f10x_i2c.o(i.I2C_CheckEvent) for I2C_CheckEvent
    i2c_hardware.o(i.I2C_HW_Stop) refers to stm32f10x_i2c.o(i.I2C_GenerateSTOP) for I2C_GenerateSTOP
    inftrack.o(i.Get_InfTdata) refers to stm32f10x_gpio.o(i.GPIO_ReadInputDataBit) for GPIO_ReadInputDataBit
    inftrack.o(i.InfTracker_Init) refers to stm32f10x_rcc.o(i.RCC_APB2PeriphClockCmd) for RCC_APB2PeriphClockCmd
    inftrack.o(i.InfTracker_Init) refers to stm32f10x_gpio.o(i.GPIO_PinRemapConfig) for GPIO_PinRemapConfig
    inftrack.o(i.InfTracker_Init) refers to stm32f10x_gpio.o(i.GPIO_Init) for GPIO_Init
    motor.o(i.Car_Run) refers to stm32f10x_gpio.o(i.GPIO_SetBits) for GPIO_SetBits
[...]
    ../fplib/printf2a.s                      0x00000000   Number         0  printf2a.o ABSOLUTE
    ../fplib/printf2b.s                      0x00000000   Number         0  printf2b.o ABSOLUTE
    ../fplib/retnan.s                        0x00000000   Number         0  retnan.o ABSOLUTE
    ../fplib/scalbnf.s                       0x00000000   Number         0  scalbnf.o ABSOLUTE
    ../fplib/trapv.s                         0x00000000   Number         0  trapv.o ABSOLUTE
    ../fplib/usenofp.s                       0x00000000   Number         0  usenofp.o ABSOLUTE
    ../mathlib/fpclassify.c                  0x00000000   Number         0  fpclassify.o ABSOLUTE
    Hardware\I2C_Hardware\I2C_Hardware.c     0x00000000   Number         0  i2c_hardware.o ABSOLUTE
    Hardware\I2C_Software\I2C_Software.c     0x00000000   Number         0  i2c_software.o ABSOLUTE
    Hardware\InfTrack\InfTrack.c             0x00000000   Number         0  inftrack.o ABSOLUTE
    Hardware\Motor\Motor.c                   0x00000000   Number         0  motor.o ABSOLUTE
    Hardware\OLED\OLED.c                     0x00000000   Number         0  oled.o ABSOLUTE
    Hardware\PWM\PWM.c                       0x00000000   Number         0  pwm.o ABSOLUTE
    Hardware\UART\UART.c                     0x00000000   Number         0  uart.o ABSOLUTE
    Library\misc.c                           0x00000000   Number         0  misc.o ABSOLUTE
    Library\stm32f10x_adc.c                  0x00000000   Number         0  stm32f10x_adc.o ABSOLUTE
    Library\stm32f10x_bkp.c                  0x00000000   Number         0  stm32f10x_bkp.o ABSOLUTE
    Library\stm32f10x_can.c                  0x00000000   Number         0  stm32f10x_can.o ABSOLUTE
    Library\stm32f10x_cec.c                  0x00000000   Number         0  stm32f10x_cec.o ABSOLUTE
    Library\stm32f10x_crc.c                  0x00000000   Number         0  stm32f10x_crc.o ABSOLUTE
    Library\stm32f10x_dac.c                  0x00000000   Number         0  stm32f10x_dac.o ABSOLUTE
    Library\stm32f10x_dbgmcu.c               0x00000000   Number         0  stm32f10x_dbgmcu.o ABSOLUTE
    Library\stm32f10x_dma.c                  0x00000000   Number         0  stm32f10x_dma.o ABSOLUTE
    Library\stm32f10x_exti.c                 0x00000000   Number         0  stm32f10x_exti.o ABSOLUTE
    Library\stm32f10x_flash.c                0x00000000   Number         0  stm32f10x_flash.o ABSOLUTE
    Library\stm32f10x_fsmc.c                 0x00000000   Number         0  stm32f10x_fsmc.o ABSOLUTE
    Library\stm32f10x_gpio.c                 0x00000000   Number         0  stm32f10x_gpio.o ABSOLUTE
    Library\stm32f10x_i2c.c                  0x00000000   Number         0  stm32f10x_i2c.o ABSOLUTE
    Library\stm32f10x_iwdg.c                 0x00000000   Number         0  stm32f10x_iwdg.o ABSOLUTE
    Library\stm32f10x_pwr.c                  0x00000000   Number         0  stm32f10x_pwr.o ABSOLUTE
    Library\stm32f10x_rcc.c                  0x00000000   Number         0  stm32f10x_rcc.o ABSOLUTE
    Library\stm32f10x_rtc.c                  0x00000000   Number         0  stm32f10x_rtc.o ABSOLUTE
    Library\stm32f10x_sdio.c                 0x00000000   Number         0  stm32f10x_sdio.o ABSOLUTE
    Library\stm32f10x_spi.c                  0x00000000   Number         0  stm32f10x_spi.o ABSOLUTE
    Library\stm32f10x_tim.c                  0x00000000   Number         0  stm32f10x_tim.o ABSOLUTE
    Library\stm32f10x_usart.c                0x00000000   Number         0  stm32f10x_usart.o ABSOLUTE
    Library\stm32f10x_wwdg.c                 0x00000000   Number         0  stm32f10x_wwdg.o ABSOLUTE
    PID\PID.c                                0x00000000   Number         0  pid.o ABSOLUTE
    Start\\core_cm3.c                        0x00000000   Number         0  core_cm3.o ABSOLUTE
    Start\core_cm3.c                         0x00000000   Number         0  core_cm3.o ABSOLUTE
    Start\startup_stm32f10x_md.s             0x00000000   Number         0  startup_stm32f10x_md.o ABSOLUTE
    Start\system_stm32f10x.c                 0x00000000   Number         0  system_stm32f10x.o ABSOLUTE
    System\delay.c                           0x00000000   Number         0  delay.o ABSOLUTE
    User\main.c                              0x00000000   Number         0  main.o ABSOLUTE
    User\stm32f10x_it.c                      0x00000000   Number         0  stm32f10x_it.o ABSOLUTE
    dc.s                                     0x00000000   Number         0  dc.o ABSOLUTE
    RESET                                    0x08000000   Section      236  startup_stm32f10x_md.o(RESET)
    !!!main                                  0x080000ec   Section        8  __main.o(!!!main)
    !!!scatter                               0x080000f4   Section       52  __scatter.o(!!!scatter)
    !!handler_copy                           0x08000128   Section       26  __scatter_copy.o(!!handler_copy)
    !!handler_zi                             0x08000144   Section       28  __scatter_zi.o(!!handler_zi)
    .ARM.Collect$$_printf_percent$$00000000  0x08000160   Section        0  _printf_percent.o(.ARM.Collect$$_printf_percent$$00000000)
    .ARM.Collect$$_printf_percent$$00000001  0x08000160   Section        6  _printf_n.o(.ARM.Collect$$_printf_percent$$00000001)
    .ARM.Collect$$_printf_percent$$00000002  0x08000166   Section        6  _printf_p.o(.ARM.Collect$$_printf_percent$$00000002)
    .ARM.Collect$$_printf_percent$$00000003  0x0800016c   Section        6  _printf_f.o(.ARM.Collect$$_printf_percent$$00000003)
    .ARM.Collect$$_printf_percent$$00000004  0x08000172   Section        6  _printf_e.o(.ARM.Collect$$_printf_percent$$00000004)
    .ARM.Collect$$_printf_percent$$00000005  0x08000178   Section        6  _printf_g.o(.ARM.Collect$$_printf_percent$$00000005)
    .ARM.Collect$$_printf_percent$$00000006  0x0800017e   Section        6  _printf_a.o(.ARM.Collect$$_printf_percent$$00000006)
    .ARM.Collect$$_printf_percent$$00000007  0x08000184   Section       10  _printf_ll.o(.ARM.Collect$$_printf_percent$$00000007)
    .ARM.Collect$$_printf_percent$$00000008  0x0800018e   Section        6  _printf_i.o(.ARM.Collect$$_printf_percent$$00000008)
    .ARM.Collect$$_printf_percent$$00000009  0x08000194   Section        6  _printf_d.o(.ARM.Collect$$_printf_percent$$00000009)
    .ARM.Collect$$_printf_percent$$0000000A  0x0800019a   Section        6  _printf_u.o(.ARM.Collect$$_printf_percent$$0000000A)
    .ARM.Collect$$_printf_percent$$0000000B  0x080001a0   Section        6  _printf_o.o(.ARM.Collect$$_printf_percent$$0000000B)
    .ARM.Collect$$_printf_percent$$0000000C  0x080001a6   Section        6  _printf_x.o(.ARM.Collect$$_printf_percent$$0000000C)
    .ARM.Collect$$_printf_percent$$0000000D  0x080001ac   Section        6  _printf_lli.o(.ARM.Collect$$_printf_percent$$0000000D)
    .ARM.Collect$$_printf_percent$$0000000E  0x080001b2   Section        6  _printf_lld.o(.ARM.Collect$$_printf_percent$$0000000E)
    .ARM.Collect$$_printf_percent$$0000000F  0x080001b8   Section        6  _printf_llu.o(.ARM.Collect$$_printf_percent$$0000000F)
    .ARM.Collect$$_printf_percent$$00000010  0x080001be   Section        6  _printf_llo.o(.ARM.Collect$$_printf_percent$$00000010)
    .ARM.Collect$$_printf_percent$$00000011  0x080001c4   Section        6  _printf_llx.o(.ARM.Collect$$_printf_percent$$00000011)
    .ARM.Collect$$_printf_percent$$00000012  0x080001ca   Section       10  _printf_l.o(.ARM.Collect$$_printf_percent$$00000012)
    .ARM.Collect$$_printf_percent$$00000013  0x080001d4   Section        6  _printf_c.o(.ARM.Collect$$_printf_percent$$00000013)
    .ARM.Collect$$_printf_percent$$00000014  0x080001da   Section        6  _printf_s.o(.ARM.Collect$$_printf_percent$$00000014)
    .ARM.Collect$$_printf_percent$$00000015  0x080001e0   Section        6  _printf_lc.o(.ARM.Collect$$_printf_percent$$00000015)
    .ARM.Collect$$_printf_percent$$00000016  0x080001e6   Section        6  _printf_ls.o(.ARM.Collect$$_printf_percent$$00000016)
    .ARM.Collect$$_printf_percent$$00000017  0x080001ec   Section        4  _printf_percent_end.o(.ARM.Collect$$_printf_percent$$00000017)
    .ARM.Collect$$libinit$$00000000          0x080001f0   Section        2  libinit.o(.ARM.Collect$$libinit$$00000000)
    .ARM.Collect$$libinit$$00000002          0x080001f2   Section        0  libinit2.o(.ARM.Collect$$libinit$$00000002)
    .ARM.Collect$$libinit$$00000004          0x080001f2   Section        0  libinit2.o(.ARM.Collect$$libinit$$00000004)
    .ARM.Collect$$libinit$$0000000A          0x080001f2   Section        0  libinit2.o(.ARM.Collect$$libinit$$0000000A)
    .ARM.Collect$$libinit$$0000000C          0x080001f2   Section        0  libinit2.o(.ARM.Collect$$libinit$$0000000C)
    .ARM.Collect$$libinit$$0000000E          0x080001f2   Section        0  libinit2.o(.ARM.Collect$$libinit$$0000000E)
    .ARM.Collect$$libinit$$0000000F          0x080001f2   Section        6  libinit2.o(.ARM.Collect$$libinit$$0000000F)
    .ARM.Collect$$libinit$$00000011          0x080001f8   Section        0  libinit2.o(.ARM.Collect$$libinit$$00000011)
    .ARM.Collect$$libinit$$00000012          0x080001f8   Section       12  libinit2.o(.ARM.Collect$$libinit$$00000012)
    .ARM.Collect$$libinit$$00000013          0x08000204   Section        0  libinit2.o(.ARM.Collect$$libinit$$00000013)
    .ARM.Collect$$libinit$$00000015          0x08000204   Section        0  libinit2.o(.ARM.Collect$$libinit$$00000015)
    .ARM.Collect$$libinit$$00000016          0x08000204   Section       10  libinit2.o(.ARM.Collect$$libinit$$00000016)
    .ARM.Collect$$libinit$$00000017          0x0800020e   Section        0  libinit2.o(.ARM.Collect$$libinit$$00000017)
    .ARM.Collect$$libinit$$00000019          0x0800020e   Section        0  libinit2.o(.ARM.Collect$$libinit$$00000019)
    .ARM.Collect$$libinit$$0000001B          0x0800020e   Section        0  libinit2.o(.ARM.Collect$$libinit$$0000001B)
    .ARM.Collect$$libinit$$0000001D          0x0800020e   Section        0  libinit2.o(.ARM.Collect$$libinit$$0000001D)
    .ARM.Collect$$libinit$$0000001F          0x0800020e   Section        0  libinit2.o(.ARM.Collect$$libinit$$0000001F)
    .ARM.Collect$$libinit$$00000021          0x0800020e   Section        0  libinit2.o(.ARM.Collect$$libinit$$00000021)
    .ARM.Collect$$libinit$$00000023          0x0800020e   Section        0  libinit2.o(.ARM.Collect$$libinit$$00000023)
    .ARM.Collect$$libinit$$00000025          0x0800020e   Section        0  libinit2.o(.ARM.Collect$$libinit$$00000025)
    .ARM.Collect$$libinit$$0000002C          0x0800020e   Section        0  libinit2.o(.ARM.Collect$$libinit$$0000002C)
    .ARM.Collect$$libinit$$0000002E          0x0800020e   Section        0  libinit2.o(.ARM.Collect$$libinit$$0000002E)
    .ARM.Collect$$libinit$$00000030          0x0800020e   Section        0  libinit2.o(.ARM.Collect$$libinit$$00000030)
    .ARM.Collect$$libinit$$00000032          0x0800020e   Section        0  libinit2.o(.ARM.Collect$$libinit$$00000032)
    .ARM.Collect$$libinit$$00000033          0x0800020e   Section        2  libinit2.o(.ARM.Collect$$libinit$$00000033)
    .ARM.Collect$$libshutdown$$00000000      0x08000210   Section        2  libshutdown.o(.ARM.Collect$$libshutdown$$00000000)
    .ARM.Collect$$libshutdown$$00000002      0x08000212   Section        0  libshutdown2.o(.ARM.Collect$$libshutdown$$00000002)
    .ARM.Collect$$libshutdown$$00000004      0x08000212   Section        0  libshutdown2.o(.ARM.Collect$$libshutdown$$00000004)
    .ARM.Collect$$libshutdown$$00000006      0x08000212   Section        0  libshutdown2.o(.ARM.Collect$$libshutdown$$00000006)
    .ARM.Collect$$libshutdown$$00000009      0x08000212   Section        0  libshutdown2.o(.ARM.Collect$$libshutdown$$00000009)
    .ARM.Collect$$libshutdown$$0000000C      0x08000212   Section        0  libshutdown2.o(.ARM.Collect$$libshutdown$$0000000C)
    .ARM.Collect$$libshutdown$$0000000E      0x08000212   Section        0  libshutdown2.o(.ARM.Collect$$libshutdown$$0000000E)
    .ARM.Collect$$libshutdown$$00000011      0x08000212   Section        0  libshutdown2.o(.ARM.Collect$$libshutdown$$00000011)
    .ARM.Collect$$libshutdown$$00000012      0x08000212   Section        2  libshutdown2.o(.ARM.Collect$$libshutdown$$00000012)
    .ARM.Collect$$rtentry$$00000000          0x08000214   Section        0  __rtentry.o(.ARM.Collect$$rtentry$$00000000)
    .ARM.Collect$$rtentry$$00000002          0x08000214   Section        0  __rtentry2.o(.ARM.Collect$$rtentry$$00000002)
    .ARM.Collect$$rtentry$$00000004          0x08000214   Section        6  __rtentry4.o(.ARM.Collect$$rtentry$$00000004)
    .ARM.Collect$$rtentry$$00000009          0x0800021a   Section        0  __rtentry2.o(.ARM.Collect$$rtentry$$00000009)
    .ARM.Collect$$rtentry$$0000000A          0x0800021a   Section        4  __rtentry2.o(.ARM.Collect$$rtentry$$0000000A)
    .ARM.Collect$$rtentry$$0000000C          0x0800021e   Section        0  __rtentry2.o(.ARM.Collect$$rtentry$$0000000C)
    .ARM.Collect$$rtentry$$0000000D          0x0800021e   Section        8  __rtentry2.o(.ARM.Collect$$rtentry$$0000000D)
    .ARM.Collect$$rtexit$$00000000           0x08000226   Section        2  rtexit.o(.ARM.Collect$$rtexit$$00000000)
    .ARM.Collect$$rtexit$$00000002           0x08000228   Section        0  rtexit2.o(.ARM.Collect$$rtexit$$00000002)
    .ARM.Collect$$rtexit$$00000003           0x08000228   Section        4  rtexit2.o(.ARM.Collect$$rtexit$$00000003)
    .ARM.Collect$$rtexit$$00000004           0x0800022c   Section        6  rtexit2.o(.ARM.Collect$$rtexit$$00000004)
    .text                                    0x08000234   Section       64  startup_stm32f10x_md.o(.text)
    .text                                    0x08000274   Section        0  vsprintf.o(.text)
    .text                                    0x08000298   Section       78  rt_memclr_w.o(.text)
    .text                                    0x080002e6   Section        0  heapauxi.o(.text)
    .text                                    0x080002ec   Section        0  _printf_pad.o(.text)
    .text                                    0x0800033a   Section        0  _printf_truncate.o(.text)
    .text                                    0x0800035e   Section        0  _printf_str.o(.text)
    .text                                    0x080003b0   Section        0  _printf_dec.o(.text)
    .text                                    0x08000428   Section        0  _printf_charcount.o(.text)
    .text                                    0x08000450   Section        0  _printf_char_common.o(.text)
    _printf_input_char                       0x08000451   Thumb Code    10  _printf_char_common.o(.text)
    .text                                    0x08000480   Section        0  _sputc.o(.text)
    .text                                    0x0800048c   Section        0  _printf_wctomb.o(.text)
    .text                                    0x08000548   Section        0  _printf_longlong_dec.o(.text)
    .text                                    0x080005c4   Section        0  _printf_oct_int_ll.o(.text)
    _printf_longlong_oct_internal            0x080005c5   Thumb Code     0  _printf_oct_int_ll.o(.text)
    .text                                    0x08000634   Section        0  _printf_hex_int_ll_ptr.o(.text)
    _printf_hex_common                       0x08000635   Thumb Code     0  _printf_hex_int_ll_ptr.o(.text)
    .text                                    0x080006c8   Section        0  __printf_flags_ss_wp.o(.text)
    .text                                    0x08000850   Section      138  lludiv10.o(.text)
    .text                                    0x080008da   Section        0  _printf_intcommon.o(.text)
    .text                                    0x0800098c   Section        0  _printf_fp_dec.o(.text)
    _fp_digits                               0x0800098f   Thumb Code   432  _printf_fp_dec.o(.text)
    .text                                    0x08000dac   Section        0  _printf_fp_hex.o(.text)
    .text                                    0x080010a8   Section        0  _printf_char.o(.text)
    .text                                    0x080010d4   Section        0  _printf_wchar.o(.text)
    .text                                    0x08001100   Section        0  _wcrtomb.o(.text)
    .text                                    0x08001140   Section       74  sys_stackheap_outer.o(.text)
    .text                                    0x0800118c   Section       16  rt_ctype_table.o(.text)
    .text                                    0x0800119c   Section        8  rt_locale_intlibspace.o(.text)
    .text                                    0x080011a4   Section        0  _printf_fp_infnan.o(.text)
    .text                                    0x08001224   Section        0  bigflt0.o(.text)
    .text                                    0x08001308   Section        0  exit.o(.text)
    .text                                    0x0800131c   Section        8  libspace.o(.text)
    .text                                    0x08001324   Section      128  strcmpv7m.o(.text)
    .text                                    0x080013a4   Section        0  sys_exit.o(.text)
    .text                                    0x080013b0   Section        2  use_no_semi.o(.text)
    .text                                    0x080013b2   Section        0  indicate_semi.o(.text)
    CL$$btod_d2e                             0x080013b2   Section       62  btod.o(CL$$btod_d2e)
    CL$$btod_d2e_denorm_low                  0x080013f0   Section       70  btod.o(CL$$btod_d2e_denorm_low)
    CL$$btod_d2e_norm_op1                    0x08001436   Section       96  btod.o(CL$$btod_d2e_norm_op1)
    CL$$btod_div_common                      0x08001496   Section      824  btod.o(CL$$btod_div_common)
    CL$$btod_e2e                             0x080017ce   Section      220  btod.o(CL$$btod_e2e)
    CL$$btod_ediv                            0x080018aa   Section       42  btod.o(CL$$btod_ediv)
    CL$$btod_emul                            0x080018d4   Section       42  btod.o(CL$$btod_emul)
    CL$$btod_mult_common                     0x080018fe   Section      580  btod.o(CL$$btod_mult_common)
    i.BusFault_Handler                       0x08001b42   Section        0  stm32f10x_it.o(i.BusFault_Handler)
    i.DebugMon_Handler                       0x08001b44   Section        0  stm32f10x_it.o(i.DebugMon_Handler)
    i.Delay_ms                               0x08001b46   Section        0  delay.o(i.Delay_ms)
    i.Delay_us                               0x08001b5e   Section        0  delay.o(i.Delay_us)
    i.GPIO_Init                              0x08001b7e   Section        0  stm32f10x_gpio.o(i.GPIO_Init)
    i.HardFault_Handler                      0x08001c24   Section        0  stm32f10x_it.o(i.HardFault_Handler)
    i.I2C_CheckEvent                         0x08001c26   Section        0  stm32f10x_i2c.o(i.I2C_CheckEvent)
    i.I2C_Cmd                                0x08001c3e   Section        0  stm32f10x_i2c.o(i.I2C_Cmd)
    i.I2C_GenerateSTART                      0x08001c56   Section        0  stm32f10x_i2c.o(i.I2C_GenerateSTART)
    i.I2C_GenerateSTOP                       0x08001c6e   Section        0  stm32f10x_i2c.o(i.I2C_GenerateSTOP)
    i.I2C_GetFlagStatus                      0x08001c86   Section        0  stm32f10x_i2c.o(i.I2C_GetFlagStatus)
    i.I2C_HW_Init                            0x08001cb8   Section        0  i2c_hardware.o(i.I2C_HW_Init)
    i.I2C_HW_SendAddr                        0x08001d2c   Section        0  i2c_hardware.o(i.I2C_HW_SendAddr)
    i.I2C_HW_SendByte                        0x08001d58   Section        0  i2c_hardware.o(i.I2C_HW_SendByte)
    i.I2C_HW_Start                           0x08001d80   Section        0  i2c_hardware.o(i.I2C_HW_Start)
    i.I2C_HW_Stop                            0x08001da4   Section        0  i2c_hardware.o(i.I2C_HW_Stop)
    i.I2C_Init                               0x08001dcc   Section        0  stm32f10x_i2c.o(i.I2C_Init)
    i.I2C_Send7bitAddress                    0x08001e8c   Section        0  stm32f10x_i2c.o(i.I2C_Send7bitAddress)
    i.I2C_SendData                           0x08001e9e   Section        0  stm32f10x_i2c.o(i.I2C_SendData)
    i.MemManage_Handler                      0x08001ea2   Section        0  stm32f10x_it.o(i.MemManage_Handler)
    i.NMI_Handler                            0x08001ea4   Section        0  stm32f10x_it.o(i.NMI_Handler)
    i.NVIC_Init                              0x08001ea8   Section        0  misc.o(i.NVIC_Init)
    i.OLED_Clear                             0x08001f0c   Section        0  oled.o(i.OLED_Clear)
    i.OLED_ClearLine                         0x08001f32   Section        0  oled.o(i.OLED_ClearLine)
    i.OLED_Init                              0x08001f60   Section        0  oled.o(i.OLED_Init)
    i.OLED_Scroll_VH                         0x08002004   Section        0  oled.o(i.OLED_Scroll_VH)
    i.OLED_SetCursor                         0x0800208a   Section        0  oled.o(i.OLED_SetCursor)
    i.OLED_SetDisplayMode                    0x080020ac   Section        0  oled.o(i.OLED_SetDisplayMode)
    i.OLED_ShowChar                          0x080020b0   Section        0  oled.o(i.OLED_ShowChar)
    i.OLED_ShowString                        0x0800212c   Section        0  oled.o(i.OLED_ShowString)
    i.OLED_Stop_Scroll                       0x0800215a   Section        0  oled.o(i.OLED_Stop_Scroll)
    i.OLED_WriteCommand                      0x08002160   Section        0  oled.o(i.OLED_WriteCommand)
    i.OLED_WriteData                         0x08002194   Section        0  oled.o(i.OLED_WriteData)
    i.OLED_delay                             0x080021c8   Section        0  oled.o(i.OLED_delay)
    i.PendSV_Handler                         0x080021de   Section        0  stm32f10x_it.o(i.PendSV_Handler)
    i.RCC_APB1PeriphClockCmd                 0x080021e0   Section        0  stm32f10x_rcc.o(i.RCC_APB1PeriphClockCmd)
    i.RCC_APB2PeriphClockCmd                 0x080021fc   Section        0  stm32f10x_rcc.o(i.RCC_APB2PeriphClockCmd)
    i.RCC_GetClocksFreq                      0x08002218   Section        0  stm32f10x_rcc.o(i.RCC_GetClocksFreq)
    i.SVC_Handler                            0x080022c4   Section        0  stm32f10x_it.o(i.SVC_Handler)
    i.SetSysClock                            0x080022c6   Section        0  system_stm32f10x.o(i.SetSysClock)
    SetSysClock                              0x080022c7   Thumb Code     4  system_stm32f10x.o(i.SetSysClock)
    i.SetSysClockTo72                        0x080022cc   Section        0  system_stm32f10x.o(i.SetSysClockTo72)
    SetSysClockTo72                          0x080022cd   Thumb Code   166  system_stm32f10x.o(i.SetSysClockTo72)
    i.SysTick_Handler                        0x0800237c   Section        0  stm32f10x_it.o(i.SysTick_Handler)
    i.SystemInit                             0x08002380   Section        0  system_stm32f10x.o(i.SystemInit)
    i.UART_GetRecLength                      0x080023d0   Section        0  uart.o(i.UART_GetRecLength)
    i.UART_GetRecStatus                      0x080023e0   Section        0  uart.o(i.UART_GetRecStatus)
    i.UART_Init                              0x080023ec   Section        0  uart.o(i.UART_Init)
    i.UART_ResetRecStatus                    0x0800248c   Section        0  uart.o(i.UART_ResetRecStatus)
    i.UART_SendData                          0x08002498   Section        0  uart.o(i.UART_SendData)
    i.UART_printf                            0x080024b8   Section        0  uart.o(i.UART_printf)
    i.USART1_IRQHandler                      0x08002510   Section        0  uart.o(i.USART1_IRQHandler)
    i.USART_Cmd                              0x08002580   Section        0  stm32f10x_usart.o(i.USART_Cmd)
    i.USART_GetFlagStatus                    0x08002598   Section        0  stm32f10x_usart.o(i.USART_GetFlagStatus)
    i.USART_GetITStatus                      0x080025a6   Section        0  stm32f10x_usart.o(i.USART_GetITStatus)
    i.USART_ITConfig                         0x080025e6   Section        0  stm32f10x_usart.o(i.USART_ITConfig)
    i.USART_Init                             0x0800261c   Section        0  stm32f10x_usart.o(i.USART_Init)
    i.USART_ReceiveData                      0x080026d8   Section        0  stm32f10x_usart.o(i.USART_ReceiveData)
    i.USART_SendData                         0x080026e0   Section        0  stm32f10x_usart.o(i.USART_SendData)
    i.UsageFault_Handler                     0x080026e8   Section        0  stm32f10x_it.o(i.UsageFault_Handler)
    i.__ARM_fpclassify                       0x080026ea   Section        0  fpclassify.o(i.__ARM_fpclassify)
    i._is_digit                              0x08002712   Section        0  __printf_wp.o(i._is_digit)
    i.main                                   0x08002720   Section        0  main.o(i.main)
    locale$$code                             0x0800295c   Section       44  lc_numeric_c.o(locale$$code)
    locale$$code                             0x08002988   Section       44  lc_ctype_c.o(locale$$code)
    x$fpl$printf1                            0x080029b4   Section        4  printf1.o(x$fpl$printf1)
    x$fpl$printf2                            0x080029b8   Section        4  printf2.o(x$fpl$printf2)
    .constdata                               0x080029bc   Section       16  main.o(.constdata)
    x$fpl$usenofp                            0x080029bc   Section        0  usenofp.o(x$fpl$usenofp)
    .constdata                               0x080029cc   Section     2136  oled.o(.constdata)
    .constdata                               0x08003224   Section        8  _printf_wctomb.o(.constdata)
    initial_mbstate                          0x08003224   Data           8  _printf_wctomb.o(.constdata)
    .constdata                               0x0800322c   Section       40  _printf_hex_int_ll_ptr.o(.constdata)
    uc_hextab                                0x0800322c   Data          20  _printf_hex_int_ll_ptr.o(.constdata)
    lc_hextab                                0x08003240   Data          20  _printf_hex_int_ll_ptr.o(.constdata)
    .constdata                               0x08003254   Section       17  __printf_flags_ss_wp.o(.constdata)
    maptable                                 0x08003254   Data          17  __printf_flags_ss_wp.o(.constdata)
    .constdata                               0x08003265   Section       38  _printf_fp_hex.o(.constdata)
    lc_hextab                                0x08003265   Data          19  _printf_fp_hex.o(.constdata)
    uc_hextab                                0x08003278   Data          19  _printf_fp_hex.o(.constdata)
    .constdata                               0x0800328c   Section      148  bigflt0.o(.constdata)
    tenpwrs_x                                0x0800328c   Data          60  bigflt0.o(.constdata)
    tenpwrs_i                                0x080032c8   Data          64  bigflt0.o(.constdata)
    locale$$data                             0x08003340   Section       28  lc_numeric_c.o(locale$$data)
    __lcnum_c_name                           0x08003344   Data           2  lc_numeric_c.o(locale$$data)
    __lcnum_c_start                          0x0800334c   Data           0  lc_numeric_c.o(locale$$data)
    __lcnum_c_point                          0x08003358   Data           0  lc_numeric_c.o(locale$$data)
    __lcnum_c_thousands                      0x0800335a   Data           0  lc_numeric_c.o(locale$$data)
    __lcnum_c_grouping                       0x0800335b   Data           0  lc_numeric_c.o(locale$$data)
    locale$$data                             0x0800335c   Section      272  lc_ctype_c.o(locale$$data)
    __lcnum_c_end                            0x0800335c   Data           0  lc_numeric_c.o(locale$$data)
    __lcctype_c_name                         0x08003360   Data           2  lc_ctype_c.o(locale$$data)
    __lcctype_c_start                        0x08003368   Data           0  lc_ctype_c.o(locale$$data)
    __lcctype_c_end                          0x0800346c   Data           0  lc_ctype_c.o(locale$$data)
    .data                                    0x20000000   Section        4  oled.o(.data)
    OLED_I2C                                 0x20000000   Data           4  oled.o(.data)
    .data                                    0x20000004   Section        2  uart.o(.data)
    .data                                    0x20000006   Section       20  stm32f10x_rcc.o(.data)
    ADCPrescTable                            0x20000006   Data           4  stm32f10x_rcc.o(.data)
    APBAHBPrescTable                         0x2000000a   Data          16  stm32f10x_rcc.o(.data)
    .bss                                     0x2000001c   Section      255  uart.o(.bss)
    .bss                                     0x2000011c   Section       96  libspace.o(.bss)
    HEAP                                     0x20000180   Section      512  startup_stm32f10x_md.o(HEAP)
    Heap_Mem                                 0x20000180   Data         512  startup_stm32f10x_md.o(HEAP)
    STACK                                    0x20000380   Section     1024  startup_stm32f10x_md.o(STACK)
    Stack_Mem                                0x20000380   Data        1024  startup_stm32f10x_md.o(STACK)
    __initial_sp                             0x20000780   Data           0  startup_stm32f10x_md.o(STACK)

    Global Symbols

    Symbol Name                              Value     Ov Type        Size  Object(Section)

    BuildAttributes$$THM_ISAv4$P$D$K$B$S$PE$A:L22UL41UL21$X:L11$S22US41US21$IEEE1$IW$USESV6$~STKCKD$USESV7$~SHL$OTIME$ROPI$IEEEJ$EBA8$UX$STANDARDLIB$REQ8$PRES8$EABIv2 0x00000000   Number         0  anon$$obj.o ABSOLUTE
    __ARM_use_no_argv                        0x00000000   Number         0  main.o ABSOLUTE
    _printf_flags                            0x00000000   Number         0  printf_stubs.o ABSOLUTE
    _printf_return_value                     0x00000000   Number         0  printf_stubs.o ABSOLUTE
    _printf_sizespec                         0x00000000   Number         0  printf_stubs.o ABSOLUTE
    _printf_widthprec                        0x00000000   Number         0  printf_stubs.o ABSOLUTE
    __ARM_exceptions_init                     - Undefined Weak Reference
    __alloca_initialize                       - Undefined Weak Reference
    __arm_fini_                               - Undefined Weak Reference
    __arm_preinit_                            - Undefined Weak Reference
    __cpp_initialize__aeabi_                  - Undefined Weak Reference
    __cxa_finalize                            - Undefined Weak Reference
    __sigvec_lookup                           - Undefined Weak Reference
    _atexit_init                              - Undefined Weak Reference
    _call_atexit_fns                          - Undefined Weak Reference
    _clock_init                               - Undefined Weak Reference
    _fp_trap_init                             - Undefined Weak Reference
    _fp_trap_shutdown                         - Undefined Weak Reference
    _get_lc_collate                           - Undefined Weak Reference
    _get_lc_monetary                          - Undefined Weak Reference
    _get_lc_time                              - Undefined Weak Reference
    _getenv_init                              - Undefined Weak Reference
    _handle_redirection                       - Undefined Weak Reference
    _init_alloc                               - Undefined Weak Reference
    _init_user_alloc                          - Undefined Weak Reference
    _initio                                   - Undefined Weak Reference
    _printf_mbtowc                            - Undefined Weak Reference
    _printf_wc                                - Undefined Weak Reference
    _rand_init                                - Undefined Weak Reference
    _signal_finish                            - Undefined Weak Reference
    _signal_init                              - Undefined Weak Reference
    _terminate_alloc                          - Undefined Weak Reference
    _terminate_user_alloc                     - Undefined Weak Reference
    _terminateio                              - Undefined Weak Reference
    __Vectors_Size                           0x000000ec   Number         0  startup_stm32f10x_md.o ABSOLUTE
    __Vectors                                0x08000000   Data           4  startup_stm32f10x_md.o(RESET)
    __Vectors_End                            0x080000ec   Data           0  startup_stm32f10x_md.o(RESET)
    __main                                   0x080000ed   Thumb Code     8  __main.o(!!!main)
    __scatterload                            0x080000f5   Thumb Code     0  __scatter.o(!!!scatter)
    __scatterload_rt2                        0x080000f5   Thumb Code    44  __scatter.o(!!!scatter)
    __scatterload_rt2_thumb_only             0x080000f5   Thumb Code     0  __scatter.o(!!!scatter)
    __scatterload_null                       0x08000103   Thumb Code     0  __scatter.o(!!!scatter)
    __scatterload_copy                       0x08000129   Thumb Code    26  __scatter_copy.o(!!handler_copy)
    __scatterload_zeroinit                   0x08000145   Thumb Code    28  __scatter_zi.o(!!handler_zi)
    _printf_n                                0x08000161   Thumb Code     0  _printf_n.o(.ARM.Collect$$_printf_percent$$00000001)
    _printf_percent                          0x08000161   Thumb Code     0  _printf_percent.o(.ARM.Collect$$_printf_percent$$00000000)
    _printf_p                                0x08000167   Thumb Code     0  _printf_p.o(.ARM.Collect$$_printf_percent$$00000002)
    _printf_f                                0x0800016d   Thumb Code     0  _printf_f.o(.ARM.Collect$$_printf_percent$$00000003)
    _printf_e                                0x08000173   Thumb Code     0  _printf_e.o(.ARM.Collect$$_printf_percent$$00000004)
    _printf_g                                0x08000179   Thumb Code     0  _printf_g.o(.ARM.Collect$$_printf_percent$$00000005)
    _printf_a                                0x0800017f   Thumb Code     0  _printf_a.o(.ARM.Collect$$_printf_percent$$00000006)
    _printf_ll                               0x08000185   Thumb Code     0  _printf_ll.o(.ARM.Collect$$_printf_percent$$00000007)
    _printf_i                                0x0800018f   Thumb Code     0  _printf_i.o(.ARM.Collect$$_printf_percent$$00000008)
    _printf_d                                0x08000195   Thumb Code     0  _printf_d.o(.ARM.Collect$$_printf_percent$$00000009)
    _printf_u                                0x0800019b   Thumb Code     0  _printf_u.o(.ARM.Collect$$_printf_percent$$0000000A)
    _printf_o                                0x080001a1   Thumb Code     0  _printf_o.o(.ARM.Collect$$_printf_percent$$0000000B)
    _printf_x                                0x080001a7   Thumb Code     0  _printf_x.o(.ARM.Collect$$_printf_percent$$0000000C)
    _printf_lli                              0x080001ad   Thumb Code     0  _printf_lli.o(.ARM.Collect$$_printf_percent$$0000000D)
    _printf_lld                              0x080001b3   Thumb Code     0  _printf_lld.o(.ARM.Collect$$_printf_percent$$0000000E)
    _printf_llu                              0x080001b9   Thumb Code     0  _printf_llu.o(.ARM.Collect$$_printf_percent$$0000000F)
    _printf_llo                              0x080001bf   Thumb Code     0  _printf_llo.o(.ARM.Collect$$_printf_percent$$00000010)
    _printf_llx                              0x080001c5   Thumb Code     0  _printf_llx.o(.ARM.Collect$$_printf_percent$$00000011)
    _printf_l                                0x080001cb   Thumb Code     0  _printf_l.o(.ARM.Collect$$_printf_percent$$00000012)
    _printf_c                                0x080001d5   Thumb Code     0  _printf_c.o(.ARM.Collect$$_printf_percent$$00000013)
    _printf_s                                0x080001db   Thumb Code     0  _printf_s.o(.ARM.Collect$$_printf_percent$$00000014)
    _printf_lc                               0x080001e1   Thumb Code     0  _printf_lc.o(.ARM.Collect$$_printf_percent$$00000015)
    _printf_ls                               0x080001e7   Thumb Code     0  _printf_ls.o(.ARM.Collect$$_printf_percent$$00000016)
    _printf_percent_end                      0x080001ed   Thumb Code     0  _printf_percent_end.o(.ARM.Collect$$_printf_percent$$00000017)
    __rt_lib_init                            0x080001f1   Thumb Code     0  libinit.o(.ARM.Collect$$libinit$$00000000)
    __rt_lib_init_fp_1                       0x080001f3   Thumb Code     0  libinit2.o(.ARM.Collect$$libinit$$00000002)
    __rt_lib_init_heap_1                     0x080001f3   Thumb Code     0  libinit2.o(.ARM.Collect$$libinit$$0000000A)
    __rt_lib_init_lc_common                  0x080001f3   Thumb Code     0  libinit2.o(.ARM.Collect$$libinit$$0000000F)
    __rt_lib_init_preinit_1                  0x080001f3   Thumb Code     0  libinit2.o(.ARM.Collect$$libinit$$00000004)
    __rt_lib_init_rand_1                     0x080001f3   Thumb Code     0  libinit2.o(.ARM.Collect$$libinit$$0000000E)
    __rt_lib_init_user_alloc_1               0x080001f3   Thumb Code     0  libinit2.o(.ARM.Collect$$libinit$$0000000C)
    __rt_lib_init_lc_collate_1               0x080001f9   Thumb Code     0  libinit2.o(.ARM.Collect$$libinit$$00000011)
    __rt_lib_init_lc_ctype_2                 0x080001f9   Thumb Code     0  libinit2.o(.ARM.Collect$$libinit$$00000012)
    __rt_lib_init_lc_ctype_1                 0x08000205   Thumb Code     0  libinit2.o(.ARM.Collect$$libinit$$00000013)
    __rt_lib_init_lc_monetary_1              0x08000205   Thumb Code     0  libinit2.o(.ARM.Collect$$libinit$$00000015)
    __rt_lib_init_lc_numeric_2               0x08000205   Thumb Code     0  libinit2.o(.ARM.Collect$$libinit$$00000016)
    __rt_lib_init_alloca_1                   0x0800020f   Thumb Code     0  libinit2.o(.ARM.Collect$$libinit$$0000002E)
    __rt_lib_init_argv_1                     0x0800020f   Thumb Code     0  libinit2.o(.ARM.Collect$$libinit$$0000002C)
    __rt_lib_init_atexit_1                   0x0800020f   Thumb Code     0  libinit2.o(.ARM.Collect$$libinit$$0000001B)
    __rt_lib_init_clock_1                    0x0800020f   Thumb Code     0  libinit2.o(.ARM.Collect$$libinit$$00000021)
    __rt_lib_init_cpp_1                      0x0800020f   Thumb Code     0  libinit2.o(.ARM.Collect$$libinit$$00000032)
    __rt_lib_init_exceptions_1               0x0800020f   Thumb Code     0  libinit2.o(.ARM.Collect$$libinit$$00000030)
    __rt_lib_init_fp_trap_1                  0x0800020f   Thumb Code     0  libinit2.o(.ARM.Collect$$libinit$$0000001F)
    __rt_lib_init_getenv_1                   0x0800020f   Thumb Code     0  libinit2.o(.ARM.Collect$$libinit$$00000023)
    __rt_lib_init_lc_numeric_1               0x0800020f   Thumb Code     0  libinit2.o(.ARM.Collect$$libinit$$00000017)
    __rt_lib_init_lc_time_1                  0x0800020f   Thumb Code     0  libinit2.o(.ARM.Collect$$libinit$$00000019)
    __rt_lib_init_return                     0x0800020f   Thumb Code     0  libinit2.o(.ARM.Collect$$libinit$$00000033)
    __rt_lib_init_signal_1                   0x0800020f   Thumb Code     0  libinit2.o(.ARM.Collect$$libinit$$0000001D)
    __rt_lib_init_stdio_1                    0x0800020f   Thumb Code     0  libinit2.o(.ARM.Collect$$libinit$$00000025)
    __rt_lib_shutdown                        0x08000211   Thumb Code     0  libshutdown.o(.ARM.Collect$$libshutdown$$00000000)
    __rt_lib_shutdown_cpp_1                  0x08000213   Thumb Code     0  libshutdown2.o(.ARM.Collect$$libshutdown$$00000004)
    __rt_lib_shutdown_fini_1                 0x08000213   Thumb Code     0  libshutdown2.o(.ARM.Collect$$libshutdown$$00000002)
    __rt_lib_shutdown_fp_trap_1              0x08000213   Thumb Code     0  libshutdown2.o(.ARM.Collect$$libshutdown$$00000009)
    __rt_lib_shutdown_heap_1                 0x08000213   Thumb Code     0  libshutdown2.o(.ARM.Collect$$libshutdown$$00000011)
    __rt_lib_shutdown_return                 0x08000213   Thumb Code     0  libshutdown2.o(.ARM.Collect$$libshutdown$$00000012)
    __rt_lib_shutdown_signal_1               0x08000213   Thumb Code     0  libshutdown2.o(.ARM.Collect$$libshutdown$$0000000C)
    __rt_lib_shutdown_stdio_1                0x08000213   Thumb Code     0  libshutdown2.o(.ARM.Collect$$libshutdown$$00000006)
    __rt_lib_shutdown_user_alloc_1           0x08000213   Thumb Code     0  libshutdown2.o(.ARM.Collect$$libshutdown$$0000000E)
    __rt_entry                               0x08000215   Thumb Code     0  __rtentry.o(.ARM.Collect$$rtentry$$00000000)
    __rt_entry_presh_1                       0x08000215   Thumb Code     0  __rtentry2.o(.ARM.Collect$$rtentry$$00000002)
    __rt_entry_sh                            0x08000215   Thumb Code     0  __rtentry4.o(.ARM.Collect$$rtentry$$00000004)
    __rt_entry_li                            0x0800021b   Thumb Code     0  __rtentry2.o(.ARM.Collect$$rtentry$$0000000A)
    __rt_entry_postsh_1                      0x0800021b   Thumb Code     0  __rtentry2.o(.ARM.Collect$$rtentry$$00000009)
    __rt_entry_main                          0x0800021f   Thumb Code     0  __rtentry2.o(.ARM.Collect$$rtentry$$0000000D)
    __rt_entry_postli_1                      0x0800021f   Thumb Code     0  __rtentry2.o(.ARM.Collect$$rtentry$$0000000C)
    __rt_exit                                0x08000227   Thumb Code     0  rtexit.o(.ARM.Collect$$rtexit$$00000000)
    __rt_exit_ls                             0x08000229   Thumb Code     0  rtexit2.o(.ARM.Collect$$rtexit$$00000003)
    __rt_exit_prels_1                        0x08000229   Thumb Code     0  rtexit2.o(.ARM.Collect$$rtexit$$00000002)
    __rt_exit_exit                           0x0800022d   Thumb Code     0  rtexit2.o(.ARM.Collect$$rtexit$$00000004)
    Reset_Handler                            0x08000235   Thumb Code     8  startup_stm32f10x_md.o(.text)
    ADC1_2_IRQHandler                        0x0800024f   Thumb Code     0  startup_stm32f10x_md.o(.text)
    CAN1_RX1_IRQHandler                      0x0800024f   Thumb Code     0  startup_stm32f10x_md.o(.text)
    CAN1_SCE_IRQHandler                      0x0800024f   Thumb Code     0  startup_stm32f10x_md.o(.text)
    DMA1_Channel1_IRQHandler                 0x0800024f   Thumb Code     0  startup_stm32f10x_md.o(.text)
    DMA1_Channel2_IRQHandler                 0x0800024f   Thumb Code     0  startup_stm32f10x_md.o(.text)
    DMA1_Channel3_IRQHandler                 0x0800024f   Thumb Code     0  startup_stm32f10x_md.o(.text)
    DMA1_Channel4_IRQHandler                 0x0800024f   Thumb Code     0  startup_stm32f10x_md.o(.text)
    DMA1_Channel5_IRQHandler                 0x0800024f   Thumb Code     0  startup_stm32f10x_md.o(.text)
    DMA1_Channel6_IRQHandler                 0x0800024f   Thumb Code     0  startup_stm32f10x_md.o(.text)
    DMA1_Channel7_IRQHandler                 0x0800024f   Thumb Code     0  startup_stm32f10x_md.o(.text)
    EXTI0_IRQHandler                         0x0800024f   Thumb Code     0  startup_stm32f10x_md.o(.text)
    EXTI15_10_IRQHandler                     0x0800024f   Thumb Code     0  startup_stm32f10x_md.o(.text)
    EXTI1_IRQHandler                         0x0800024f   Thumb Code     0  startup_stm32f10x_md.o(.text)
    EXTI2_IRQHandler                         0x0800024f   Thumb Code     0  startup_stm32f10x_md.o(.text)
    EXTI3_IRQHandler                         0x0800024f   Thumb Code     0  startup_stm32f10x_md.o(.text)
    EXTI4_IRQHandler                         0x0800024f   Thumb Code     0  startup_stm32f10x_md.o(.text)
    EXTI9_5_IRQHandler                       0x0800024f   Thumb Code     0  startup_stm32f10x_md.o(.text)
    FLASH_IRQHandler                         0x0800024f   Thumb Code     0  startup_stm32f10x_md.o(.text)
    I2C1_ER_IRQHandler                       0x0800024f   Thumb Code     0  startup_stm32f10x_md.o(.text)
    I2C1_EV_IRQHandler                       0x0800024f   Thumb Code     0  startup_stm32f10x_md.o(.text)
    I2C2_ER_IRQHandler                       0x0800024f   Thumb Code     0  startup_stm32f10x_md.o(.text)
    I2C2_EV_IRQHandler                       0x0800024f   Thumb Code     0  startup_stm32f10x_md.o(.text)
    PVD_IRQHandler                           0x0800024f   Thumb Code     0  startup_stm32f10x_md.o(.text)
    RCC_IRQHandler                           0x0800024f   Thumb Code     0  startup_stm32f10x_md.o(.text)
    RTCAlarm_IRQHandler                      0x0800024f   Thumb Code     0  startup_stm32f10x_md.o(.text)
    RTC_IRQHandler                           0x0800024f   Thumb Code     0  startup_stm32f10x_md.o(.text)
    SPI1_IRQHandler                          0x0800024f   Thumb Code     0  startup_stm32f10x_md.o(.text)
    SPI2_IRQHandler                          0x0800024f   Thumb Code     0  startup_stm32f10x_md.o(.text)
    TAMPER_IRQHandler                        0x0800024f   Thumb Code     0  startup_stm32f10x_md.o(.text)
    TIM1_BRK_IRQHandler                      0x0800024f   Thumb Code     0  startup_stm32f10x_md.o(.text)
    TIM1_CC_IRQHandler                       0x0800024f   Thumb Code     0  startup_stm32f10x_md.o(.text)
    TIM1_TRG_COM_IRQHandler                  0x0800024f   Thumb Code     0  startup_stm32f10x_md.o(.text)
    TIM1_UP_IRQHandler                       0x0800024f   Thumb Code     0  startup_stm32f10x_md.o(.text)
    TIM2_IRQHandler                          0x0800024f   Thumb Code     0  startup_stm32f10x_md.o(.text)
    TIM3_IRQHandler                          0x0800024f   Thumb Code     0  startup_stm32f10x_md.o(.text)
    TIM4_IRQHandler                          0x0800024f   Thumb Code     0  startup_stm32f10x_md.o(.text)
    USART2_IRQHandler                        0x0800024f   Thumb Code     0  startup_stm32f10x_md.o(.text)
    USART3_IRQHandler                        0x0800024f   Thumb Code     0  startup_stm32f10x_md.o(.text)
    USBWakeUp_IRQHandler                     0x0800024f   Thumb Code     0  startup_stm32f10x_md.o(.text)
    USB_HP_CAN1_TX_IRQHandler                0x0800024f   Thumb Code     0  startup_stm32f10x_md.o(.text)
    USB_LP_CAN1_RX0_IRQHandler               0x0800024f   Thumb Code     0  startup_stm32f10x_md.o(.text)
    WWDG_IRQHandler                          0x0800024f   Thumb Code     0  startup_stm32f10x_md.o(.text)
    __user_initial_stackheap                 0x08000251   Thumb Code     0  startup_stm32f10x_md.o(.text)
    vsprintf                                 0x08000275   Thumb Code    32  vsprintf.o(.text)
    __aeabi_memclr4                          0x08000299   Thumb Code     0  rt_memclr_w.o(.text)
    __aeabi_memclr8                          0x08000299   Thumb Code     0  rt_memclr_w.o(.text)
    __rt_memclr_w                            0x08000299   Thumb Code    78  rt_memclr_w.o(.text)
    _memset_w                                0x0800029d   Thumb Code     0  rt_memclr_w.o(.text)
    __use_two_region_memory                  0x080002e7   Thumb Code     2  heapauxi.o(.text)
    __rt_heap_escrow$2region                 0x080002e9   Thumb Code     2  heapauxi.o(.text)
    __rt_heap_expand$2region                 0x080002eb   Thumb Code     2  heapauxi.o(.text)
    _printf_pre_padding                      0x080002ed   Thumb Code    44  _printf_pad.o(.text)
    _printf_post_padding                     0x08000319   Thumb Code    34  _printf_pad.o(.text)
    _printf_truncate_signed                  0x0800033b   Thumb Code    18  _printf_truncate.o(.text)
    _printf_truncate_unsigned                0x0800034d   Thumb Code    18  _printf_truncate.o(.text)
    _printf_str                              0x0800035f   Thumb Code    82  _printf_str.o(.text)
    _printf_int_dec                          0x080003b1   Thumb Code   104  _printf_dec.o(.text)
    _printf_charcount                        0x08000429   Thumb Code    40  _printf_charcount.o(.text)
    _printf_char_common                      0x0800045b   Thumb Code    32  _printf_char_common.o(.text)
    _sputc                                   0x08000481   Thumb Code    10  _sputc.o(.text)
    _printf_wctomb                           0x0800048d   Thumb Code   182  _printf_wctomb.o(.text)
    _printf_longlong_dec                     0x08000549   Thumb Code   108  _printf_longlong_dec.o(.text)
    _printf_longlong_oct                     0x080005c5   Thumb Code    66  _printf_oct_int_ll.o(.text)
    _printf_int_oct                          0x08000607   Thumb Code    24  _printf_oct_int_ll.o(.text)
    _printf_ll_oct                           0x0800061f   Thumb Code    12  _printf_oct_int_ll.o(.text)
    _printf_longlong_hex                     0x08000635   Thumb Code    86  _printf_hex_int_ll_ptr.o(.text)
    _printf_int_hex                          0x0800068b   Thumb Code    28  _printf_hex_int_ll_ptr.o(.text)
    _printf_ll_hex                           0x080006a7   Thumb Code    12  _printf_hex_int_ll_ptr.o(.text)
    _printf_hex_ptr                          0x080006b3   Thumb Code    18  _printf_hex_int_ll_ptr.o(.text)
    __printf                                 0x080006c9   Thumb Code   388  __printf_flags_ss_wp.o(.text)
    _ll_udiv10                               0x08000851   Thumb Code   138  lludiv10.o(.text)
    _printf_int_common                       0x080008db   Thumb Code   178  _printf_intcommon.o(.text)
    __lib_sel_fp_printf                      0x0800098d   Thumb Code     2  _printf_fp_dec.o(.text)
    _printf_fp_dec_real                      0x08000b3f   Thumb Code   620  _printf_fp_dec.o(.text)
    _printf_fp_hex_real                      0x08000dad   Thumb Code   756  _printf_fp_hex.o(.text)
    _printf_cs_common                        0x080010a9   Thumb Code    20  _printf_char.o(.text)
    _printf_char                             0x080010bd   Thumb Code    16  _printf_char.o(.text)
    _printf_string                           0x080010cd   Thumb Code     8  _printf_char.o(.text)
    _printf_lcs_common                       0x080010d5   Thumb Code    20  _printf_wchar.o(.text)
    _printf_wchar                            0x080010e9   Thumb Code    16  _printf_wchar.o(.text)
    _printf_wstring                          0x080010f9   Thumb Code     8  _printf_wchar.o(.text)
    _wcrtomb                                 0x08001101   Thumb Code    64  _wcrtomb.o(.text)
    __user_setup_stackheap                   0x08001141   Thumb Code    74  sys_stackheap_outer.o(.text)
    __rt_ctype_table                         0x0800118d   Thumb Code    16  rt_ctype_table.o(.text)
    __rt_locale                              0x0800119d   Thumb Code     8  rt_locale_intlibspace.o(.text)
    _printf_fp_infnan                        0x080011a5   Thumb Code   112  _printf_fp_infnan.o(.text)
    _btod_etento                             0x08001225   Thumb Code   224  bigflt0.o(.text)
    exit                                     0x08001309   Thumb Code    18  exit.o(.text)
    __user_libspace                          0x0800131d   Thumb Code     8  libspace.o(.text)
    __user_perproc_libspace                  0x0800131d   Thumb Code     0  libspace.o(.text)
    __user_perthread_libspace                0x0800131d   Thumb Code     0  libspace.o(.text)
    strcmp                                   0x08001325   Thumb Code   128  strcmpv7m.o(.text)
    _sys_exit                                0x080013a5   Thumb Code     8  sys_exit.o(.text)
    __I$use$semihosting                      0x080013b1   Thumb Code     0  use_no_semi.o(.text)
    __use_no_semihosting_swi                 0x080013b1   Thumb Code     2  use_no_semi.o(.text)
    __semihosting_library_function           0x080013b3   Thumb Code     0  indicate_semi.o(.text)
    _btod_d2e                                0x080013b3   Thumb Code    62  btod.o(CL$$btod_d2e)
    _d2e_denorm_low                          0x080013f1   Thumb Code    70  btod.o(CL$$btod_d2e_denorm_low)
    _d2e_norm_op1                            0x08001437   Thumb Code    96  btod.o(CL$$btod_d2e_norm_op1)
    __btod_div_common                        0x08001497   Thumb Code   696  btod.o(CL$$btod_div_common)
    _e2e                                     0x080017cf   Thumb Code   220  btod.o(CL$$btod_e2e)
    _btod_ediv                               0x080018ab   Thumb Code    42  btod.o(CL$$btod_ediv)
    _btod_emul                               0x080018d5   Thumb Code    42  btod.o(CL$$btod_emul)
    __btod_mult_common                       0x080018ff   Thumb Code   580  btod.o(CL$$btod_mult_common)
    BusFault_Handler                         0x08001b43   Thumb Code     2  stm32f10x_it.o(i.BusFault_Handler)
    DebugMon_Handler                         0x08001b45   Thumb Code     2  stm32f10x_it.o(i.DebugMon_Handler)
    Delay_ms                                 0x08001b47   Thumb Code    24  delay.o(i.Delay_ms)
    Delay_us                                 0x08001b5f   Thumb Code    32  delay.o(i.Delay_us)
    GPIO_Init                                0x08001b7f   Thumb Code   166  stm32f10x_gpio.o(i.GPIO_Init)
    HardFault_Handler                        0x08001c25   Thumb Code     2  stm32f10x_it.o(i.HardFault_Handler)
    I2C_CheckEvent                           0x08001c27   Thumb Code    24  stm32f10x_i2c.o(i.I2C_CheckEvent)
    I2C_Cmd                                  0x08001c3f   Thumb Code    24  stm32f10x_i2c.o(i.I2C_Cmd)
    I2C_GenerateSTART                        0x08001c57   Thumb Code    24  stm32f10x_i2c.o(i.I2C_GenerateSTART)
    I2C_GenerateSTOP                         0x08001c6f   Thumb Code    24  stm32f10x_i2c.o(i.I2C_GenerateSTOP)
    I2C_GetFlagStatus                        0x08001c87   Thumb Code    50  stm32f10x_i2c.o(i.I2C_GetFlagStatus)
    I2C_HW_Init                              0x08001cb9   Thumb Code   104  i2c_hardware.o(i.I2C_HW_Init)
    I2C_HW_SendAddr                          0x08001d2d   Thumb Code    34  i2c_hardware.o(i.I2C_HW_SendAddr)
    I2C_HW_SendByte                          0x08001d59   Thumb Code    32  i2c_hardware.o(i.I2C_HW_SendByte)
    I2C_HW_Start                             0x08001d81   Thumb Code    32  i2c_hardware.o(i.I2C_HW_Start)
    I2C_HW_Stop                              0x08001da5   Thumb Code    30  i2c_hardware.o(i.I2C_HW_Stop)
    I2C_Init                                 0x08001dcd   Thumb Code   182  stm32f10x_i2c.o(i.I2C_Init)
    I2C_Send7bitAddress                      0x08001e8d   Thumb Code    18  stm32f10x_i2c.o(i.I2C_Send7bitAddress)
    I2C_SendData                             0x08001e9f   Thumb Code     4  stm32f10x_i2c.o(i.I2C_SendData)
    MemManage_Handler                        0x08001ea3   Thumb Code     2  stm32f10x_it.o(i.MemManage_Handler)
    NMI_Handler                              0x08001ea5   Thumb Code     2  stm32f10x_it.o(i.NMI_Handler)
    NVIC_Init                                0x08001ea9   Thumb Code    96  misc.o(i.NVIC_Init)
    OLED_Clear                               0x08001f0d   Thumb Code    38  oled.o(i.OLED_Clear)
    OLED_ClearLine                           0x08001f33   Thumb Code    44  oled.o(i.OLED_ClearLine)
    OLED_Init                                0x08001f61   Thumb Code   158  oled.o(i.OLED_Init)
    OLED_Scroll_VH                           0x08002005   Thumb Code   134  oled.o(i.OLED_Scroll_VH)
    OLED_SetCursor                           0x0800208b   Thumb Code    34  oled.o(i.OLED_SetCursor)
    OLED_SetDisplayMode                      0x080020ad   Thumb Code     4  oled.o(i.OLED_SetDisplayMode)
    OLED_ShowChar                            0x080020b1   Thumb Code   114  oled.o(i.OLED_ShowChar)
    OLED_ShowString                          0x0800212d   Thumb Code    46  oled.o(i.OLED_ShowString)
    OLED_Stop_Scroll                         0x0800215b   Thumb Code     6  oled.o(i.OLED_Stop_Scroll)
    OLED_WriteCommand                        0x08002161   Thumb Code    46  oled.o(i.OLED_WriteCommand)
    OLED_WriteData                           0x08002195   Thumb Code    46  oled.o(i.OLED_WriteData)
    OLED_delay                               0x080021c9   Thumb Code    22  oled.o(i.OLED_delay)
    PendSV_Handler                           0x080021df   Thumb Code     2  stm32f10x_it.o(i.PendSV_Handler)
    RCC_APB1PeriphClockCmd                   0x080021e1   Thumb Code    22  stm32f10x_rcc.o(i.RCC_APB1PeriphClockCmd)
    RCC_APB2PeriphClockCmd                   0x080021fd   Thumb Code    22  stm32f10x_rcc.o(i.RCC_APB2PeriphClockCmd)
    RCC_GetClocksFreq                        0x08002219   Thumb Code   154  stm32f10x_rcc.o(i.RCC_GetClocksFreq)
    SVC_Handler                              0x080022c5   Thumb Code     2  stm32f10x_it.o(i.SVC_Handler)
    SysTick_Handler                          0x0800237d   Thumb Code     2  stm32f10x_it.o(i.SysTick_Handler)
    SystemInit                               0x08002381   Thumb Code    64  system_stm32f10x.o(i.SystemInit)
    UART_GetRecLength                        0x080023d1   Thumb Code    10  uart.o(i.UART_GetRecLength)
    UART_GetRecStatus                        0x080023e1   Thumb Code     8  uart.o(i.UART_GetRecStatus)
    UART_Init                                0x080023ed   Thumb Code   152  uart.o(i.UART_Init)
    UART_ResetRecStatus                      0x0800248d   Thumb Code     8  uart.o(i.UART_ResetRecStatus)
    UART_SendData                            0x08002499   Thumb Code    26  uart.o(i.UART_SendData)
    UART_printf                              0x080024b9   Thumb Code    84  uart.o(i.UART_printf)
    USART1_IRQHandler                        0x08002511   Thumb Code   100  uart.o(i.USART1_IRQHandler)
    USART_Cmd                                0x08002581   Thumb Code    24  stm32f10x_usart.o(i.USART_Cmd)
    USART_GetFlagStatus                      0x08002599   Thumb Code    14  stm32f10x_usart.o(i.USART_GetFlagStatus)
    USART_GetITStatus                        0x080025a7   Thumb Code    64  stm32f10x_usart.o(i.USART_GetITStatus)
    USART_ITConfig                           0x080025e7   Thumb Code    54  stm32f10x_usart.o(i.USART_ITConfig)
    USART_Init                               0x0800261d   Thumb Code   182  stm32f10x_usart.o(i.USART_Init)
    USART_ReceiveData                        0x080026d9   Thumb Code     8  stm32f10x_usart.o(i.USART_ReceiveData)
    USART_SendData                           0x080026e1   Thumb Code     8  stm32f10x_usart.o(i.USART_SendData)
    UsageFault_Handler                       0x080026e9   Thumb Code     2  stm32f10x_it.o(i.UsageFault_Handler)
    __ARM_fpclassify                         0x080026eb   Thumb Code    40  fpclassify.o(i.__ARM_fpclassify)
    _is_digit                                0x08002713   Thumb Code    14  __printf_wp.o(i._is_digit)
    main                                     0x08002721   Thumb Code   394  main.o(i.main)
    _get_lc_numeric                          0x0800295d   Thumb Code    44  lc_numeric_c.o(locale$$code)
    _get_lc_ctype                            0x08002989   Thumb Code    44  lc_ctype_c.o(locale$$code)
    _printf_fp_dec                           0x080029b5   Thumb Code     4  printf1.o(x$fpl$printf1)
    _printf_fp_hex                           0x080029b9   Thumb Code     4  printf2.o(x$fpl$printf2)
    __I$use$fp                               0x080029bc   Number         0  usenofp.o(x$fpl$usenofp)
    OLED_F6x8                                0x080029cc   Data         552  oled.o(.constdata)
    OLED_F8x16                               0x08002bf4   Data        1520  oled.o(.constdata)
    OLED_Chinese                             0x080031e4   Data          64  oled.o(.constdata)
    Region$$Table$$Base                      0x08003320   Number         0  anon$$obj.o(Region$$Table)
    Region$$Table$$Limit                     0x08003340   Number         0  anon$$obj.o(Region$$Table)
    __ctype                                  0x08003369   Data           0  lc_ctype_c.o(locale$$data)
    UART_RX_STA                              0x20000004   Data           2  uart.o(.data)
    UART_RX_BUF                              0x2000001c   Data         255  uart.o(.bss)
    __libspace_start                         0x2000011c   Data          96  libspace.o(.bss)
    __temporary_stack_top$libspace           0x2000017c   Data           0  libspace.o(.bss)



==============================================================================

Memory Map of the image

  Image Entry point : 0x080000ed

  Load Region LR_IROM1 (Base: 0x08000000, Size: 0x00003488, Max: 0x00010000, ABSOLUTE)

    Execution Region ER_IROM1 (Exec base: 0x08000000, Load base: 0x08000000, Size: 0x0000346c, Max: 0x00010000, ABSOLUTE)

    Exec Addr    Load Addr    Size         Type   Attr      Idx    E Section Name        Object

    0x08000000   0x08000000   0x000000ec   Data   RO          723    RESET               startup_stm32f10x_md.o
    0x080000ec   0x080000ec   0x00000008   Code   RO         3772  * !!!main             c_w.l(__main.o)
    0x080000f4   0x080000f4   0x00000034   Code   RO         4159    !!!scatter          c_w.l(__scatter.o)
    0x08000128   0x08000128   0x0000001a   Code   RO         4161    !!handler_copy      c_w.l(__scatter_copy.o)
    0x08000142   0x08000142   0x00000002   PAD
    0x08000144   0x08000144   0x0000001c   Code   RO         4163    !!handler_zi        c_w.l(__scatter_zi.o)
    0x08000160   0x08000160   0x00000000   Code   RO         3904    .ARM.Collect$$_printf_percent$$00000000  c_w.l(_printf_percent.o)
    0x08000160   0x08000160   0x00000006   Code   RO         3893    .ARM.Collect$$_printf_percent$$00000001  c_w.l(_printf_n.o)
    0x08000166   0x08000166   0x00000006   Code   RO         3895    .ARM.Collect$$_printf_percent$$00000002  c_w.l(_printf_p.o)
    0x0800016c   0x0800016c   0x00000006   Code   RO         3900    .ARM.Collect$$_printf_percent$$00000003  c_w.l(_printf_f.o)
    0x08000172   0x08000172   0x00000006   Code   RO         3901    .ARM.Collect$$_printf_percent$$00000004  c_w.l(_printf_e.o)
    0x08000178   0x08000178   0x00000006   Code   RO         3902    .ARM.Collect$$_printf_percent$$00000005  c_w.l(_printf_g.o)
    0x0800017e   0x0800017e   0x00000006   Code   RO         3903    .ARM.Collect$$_printf_percent$$00000006  c_w.l(_printf_a.o)
    0x08000184   0x08000184   0x0000000a   Code   RO         3908    .ARM.Collect$$_printf_percent$$00000007  c_w.l(_printf_ll.o)
    0x0800018e   0x0800018e   0x00000006   Code   RO         3897    .ARM.Collect$$_printf_percent$$00000008  c_w.l(_printf_i.o)
    0x08000194   0x08000194   0x00000006   Code   RO         3898    .ARM.Collect$$_printf_percent$$00000009  c_w.l(_printf_d.o)
    0x0800019a   0x0800019a   0x00000006   Code   RO         3899    .ARM.Collect$$_printf_percent$$0000000A  c_w.l(_printf_u.o)
    0x080001a0   0x080001a0   0x00000006   Code   RO         3896    .ARM.Collect$$_printf_percent$$0000000B  c_w.l(_printf_o.o)
    0x080001a6   0x080001a6   0x00000006   Code   RO         3894    .ARM.Collect$$_printf_percent$$0000000C  c_w.l(_printf_x.o)
    0x080001ac   0x080001ac   0x00000006   Code   RO         3905    .ARM.Collect$$_printf_percent$$0000000D  c_w.l(_printf_lli.o)
    0x080001b2   0x080001b2   0x00000006   Code   RO         3906    .ARM.Collect$$_printf_percent$$0000000E  c_w.l(_printf_lld.o)
    0x080001b8   0x080001b8   0x00000006   Code   RO         3907    .ARM.Collect$$_printf_percent$$0000000F  c_w.l(_printf_llu.o)
    0x080001be   0x080001be   0x00000006   Code   RO         3912    .ARM.Collect$$_printf_percent$$00000010  c_w.l(_printf_llo.o)
    0x080001c4   0x080001c4   0x00000006   Code   RO         3913    .ARM.Collect$$_printf_percent$$00000011  c_w.l(_printf_llx.o)
    0x080001ca   0x080001ca   0x0000000a   Code   RO         3909    .ARM.Collect$$_printf_percent$$00000012  c_w.l(_printf_l.o)
    0x080001d4   0x080001d4   0x00000006   Code   RO         3891    .ARM.Collect$$_printf_percent$$00000013  c_w.l(_printf_c.o)
    0x080001da   0x080001da   0x00000006   Code   RO         3892    .ARM.Collect$$_printf_percent$$00000014  c_w.l(_printf_s.o)
    0x080001e0   0x080001e0   0x00000006   Code   RO         3910    .ARM.Collect$$_printf_percent$$00000015  c_w.l(_printf_lc.o)
    0x080001e6   0x080001e6   0x00000006   Code   RO         3911    .ARM.Collect$$_printf_percent$$00000016  c_w.l(_printf_ls.o)
    0x080001ec   0x080001ec   0x00000004   Code   RO         3965    .ARM.Collect$$_printf_percent$$00000017  c_w.l(_printf_percent_end.o)
    0x080001f0   0x080001f0   0x00000002   Code   RO         4016    .ARM.Collect$$libinit$$00000000  c_w.l(libinit.o)
    0x080001f2   0x080001f2   0x00000000   Code   RO         4034    .ARM.Collect$$libinit$$00000002  c_w.l(libinit2.o)
    0x080001f2   0x080001f2   0x00000000   Code   RO         4036    .ARM.Collect$$libinit$$00000004  c_w.l(libinit2.o)
    0x080001f2   0x080001f2   0x00000000   Code   RO         4039    .ARM.Collect$$libinit$$0000000A  c_w.l(libinit2.o)
    0x080001f2   0x080001f2   0x00000000   Code   RO         4041    .ARM.Collect$$libinit$$0000000C  c_w.l(libinit2.o)
    0x080001f2   0x080001f2   0x00000000   Code   RO         4043    .ARM.Collect$$libinit$$0000000E  c_w.l(libinit2.o)
    0x080001f2   0x080001f2   0x00000006   Code   RO         4044    .ARM.Collect$$libinit$$0000000F  c_w.l(libinit2.o)
    0x080001f8   0x080001f8   0x00000000   Code   RO         4046    .ARM.Collect$$libinit$$00000011  c_w.l(libinit2.o)
    0x080001f8   0x080001f8   0x0000000c   Code   RO         4047    .ARM.Collect$$libinit$$00000012  c_w.l(libinit2.o)
    0x08000204   0x08000204   0x00000000   Code   RO         4048    .ARM.Collect$$libinit$$00000013  c_w.l(libinit2.o)
    0x08000204   0x08000204   0x00000000   Code   RO         4050    .ARM.Collect$$libinit$$00000015  c_w.l(libinit2.o)
    0x08000204   0x08000204   0x0000000a   Code   RO         4051    .ARM.Collect$$libinit$$00000016  c_w.l(libinit2.o)
    0x0800020e   0x0800020e   0x00000000   Code   RO         4052    .ARM.Collect$$libinit$$00000017  c_w.l(libinit2.o)
    0x0800020e   0x0800020e   0x00000000   Code   RO         4054    .ARM.Collect$$libinit$$00000019  c_w.l(libinit2.o)
    0x0800020e   0x0800020e   0x00000000   Code   RO         4056    .ARM.Collect$$libinit$$0000001B  c_w.l(libinit2.o)
    0x0800020e   0x0800020e   0x00000000   Code   RO         4058    .ARM.Collect$$libinit$$0000001D  c_w.l(libinit2.o)
    0x0800020e   0x0800020e   0x00000000   Code   RO         4060    .ARM.Collect$$libinit$$0000001F  c_w.l(libinit2.o)
    0x0800020e   0x0800020e   0x00000000   Code   RO         4062    .ARM.Collect$$libinit$$00000021  c_w.l(libinit2.o)
    0x0800020e   0x0800020e   0x00000000   Code   RO         4064    .ARM.Collect$$libinit$$00000023  c_w.l(libinit2.o)
    0x0800020e   0x0800020e   0x00000000   Code   RO         4066    .ARM.Collect$$libinit$$00000025  c_w.l(libinit2.o)
    0x0800020e   0x0800020e   0x00000000   Code   RO         4070    .ARM.Collect$$libinit$$0000002C  c_w.l(libinit2.o)
    0x0800020e   0x0800020e   0x00000000   Code   RO         4072    .ARM.Collect$$libinit$$0000002E  c_w.l(libinit2.o)
    0x0800020e   0x0800020e   0x00000000   Code   RO         4074    .ARM.Collect$$libinit$$00000030  c_w.l(libinit2.o)
    0x0800020e   0x0800020e   0x00000000   Code   RO         4076    .ARM.Collect$$libinit$$00000032  c_w.l(libinit2.o)
    0x0800020e   0x0800020e   0x00000002   Code   RO         4077    .ARM.Collect$$libinit$$00000033  c_w.l(libinit2.o)
    0x08000210   0x08000210   0x00000002   Code   RO         4097    .ARM.Collect$$libshutdown$$00000000  c_w.l(libshutdown.o)
    0x08000212   0x08000212   0x00000000   Code   RO         4110    .ARM.Collect$$libshutdown$$00000002  c_w.l(libshutdown2.o)
    0x08000212   0x08000212   0x00000000   Code   RO         4112    .ARM.Collect$$libshutdown$$00000004  c_w.l(libshutdown2.o)
    0x08000212   0x08000212   0x00000000   Code   RO         4114    .ARM.Collect$$libshutdown$$00000006  c_w.l(libshutdown2.o)
    0x08000212   0x08000212   0x00000000   Code   RO         4117    .ARM.Collect$$libshutdown$$00000009  c_w.l(libshutdown2.o)
    0x08000212   0x08000212   0x00000000   Code   RO         4120    .ARM.Collect$$libshutdown$$0000000C  c_w.l(libshutdown2.o)
    0x08000212   0x08000212   0x00000000   Code   RO         4122    .ARM.Collect$$libshutdown$$0000000E  c_w.l(libshutdown2.o)
    0x08000212   0x08000212   0x00000000   Code   RO         4125    .ARM.Collect$$libshutdown$$00000011  c_w.l(libshutdown2.o)
    0x08000212   0x08000212   0x00000002   Code   RO         4126    .ARM.Collect$$libshutdown$$00000012  c_w.l(libshutdown2.o)
    0x08000214   0x08000214   0x00000000   Code   RO         3822    .ARM.Collect$$rtentry$$00000000  c_w.l(__rtentry.o)
    0x08000214   0x08000214   0x00000000   Code   RO         3936    .ARM.Collect$$rtentry$$00000002  c_w.l(__rtentry2.o)
    0x08000214   0x08000214   0x00000006   Code   RO         3948    .ARM.Collect$$rtentry$$00000004  c_w.l(__rtentry4.o)
    0x0800021a   0x0800021a   0x00000000   Code   RO         3938    .ARM.Collect$$rtentry$$00000009  c_w.l(__rtentry2.o)
    0x0800021a   0x0800021a   0x00000004   Code   RO         3939    .ARM.Collect$$rtentry$$0000000A  c_w.l(__rtentry2.o)
    0x0800021e   0x0800021e   0x00000000   Code   RO         3941    .ARM.Collect$$rtentry$$0000000C  c_w.l(__rtentry2.o)
    0x0800021e   0x0800021e   0x00000008   Code   RO         3942    .ARM.Collect$$rtentry$$0000000D  c_w.l(__rtentry2.o)
    0x08000226   0x08000226   0x00000002   Code   RO         4026    .ARM.Collect$$rtexit$$00000000  c_w.l(rtexit.o)
    0x08000228   0x08000228   0x00000000   Code   RO         4079    .ARM.Collect$$rtexit$$00000002  c_w.l(rtexit2.o)
    0x08000228   0x08000228   0x00000004   Code   RO         4080    .ARM.Collect$$rtexit$$00000003  c_w.l(rtexit2.o)
    0x0800022c   0x0800022c   0x00000006   Code   RO         4081    .ARM.Collect$$rtexit$$00000004  c_w.l(rtexit2.o)
    0x08000232   0x08000232   0x00000002   PAD
    0x08000234   0x08000234   0x00000040   Code   RO          724    .text               startup_stm32f10x_md.o
    0x08000274   0x08000274   0x00000024   Code   RO         3766    .text               c_w.l(vsprintf.o)
    0x08000298   0x08000298   0x0000004e   Code   RO         3768    .text               c_w.l(rt_memclr_w.o)
    0x080002e6   0x080002e6   0x00000006   Code   RO         3770    .text               c_w.l(heapauxi.o)
    0x080002ec   0x080002ec   0x0000004e   Code   RO         3825    .text               c_w.l(_printf_pad.o)
    0x0800033a   0x0800033a   0x00000024   Code   RO         3827    .text               c_w.l(_printf_truncate.o)
    0x0800035e   0x0800035e   0x00000052   Code   RO         3829    .text               c_w.l(_printf_str.o)
    0x080003b0   0x080003b0   0x00000078   Code   RO         3831    .text               c_w.l(_printf_dec.o)
    0x08000428   0x08000428   0x00000028   Code   RO         3833    .text               c_w.l(_printf_charcount.o)
    0x08000450   0x08000450   0x00000030   Code   RO         3835    .text               c_w.l(_printf_char_common.o)
    0x08000480   0x08000480   0x0000000a   Code   RO         3837    .text               c_w.l(_sputc.o)
    0x0800048a   0x0800048a   0x00000002   PAD
    0x0800048c   0x0800048c   0x000000bc   Code   RO         3839    .text               c_w.l(_printf_wctomb.o)
    0x08000548   0x08000548   0x0000007c   Code   RO         3842    .text               c_w.l(_printf_longlong_dec.o)
    0x080005c4   0x080005c4   0x00000070   Code   RO         3848    .text               c_w.l(_printf_oct_int_ll.o)
    0x08000634   0x08000634   0x00000094   Code   RO         3868    .text               c_w.l(_printf_hex_int_ll_ptr.o)
    0x080006c8   0x080006c8   0x00000188   Code   RO         3888    .text               c_w.l(__printf_flags_ss_wp.o)
    0x08000850   0x08000850   0x0000008a   Code   RO         3950    .text               c_w.l(lludiv10.o)
    0x080008da   0x080008da   0x000000b2   Code   RO         3952    .text               c_w.l(_printf_intcommon.o)
    0x0800098c   0x0800098c   0x0000041e   Code   RO         3954    .text               c_w.l(_printf_fp_dec.o)
    0x08000daa   0x08000daa   0x00000002   PAD
    0x08000dac   0x08000dac   0x000002fc   Code   RO         3956    .text               c_w.l(_printf_fp_hex.o)
    0x080010a8   0x080010a8   0x0000002c   Code   RO         3961    .text               c_w.l(_printf_char.o)
    0x080010d4   0x080010d4   0x0000002c   Code   RO         3963    .text               c_w.l(_printf_wchar.o)
    0x08001100   0x08001100   0x00000040   Code   RO         3966    .text               c_w.l(_wcrtomb.o)
    0x08001140   0x08001140   0x0000004a   Code   RO         3970    .text               c_w.l(sys_stackheap_outer.o)
    0x0800118a   0x0800118a   0x00000002   PAD
    0x0800118c   0x0800118c   0x00000010   Code   RO         3972    .text               c_w.l(rt_ctype_table.o)
    0x0800119c   0x0800119c   0x00000008   Code   RO         3977    .text               c_w.l(rt_locale_intlibspace.o)
    0x080011a4   0x080011a4   0x00000080   Code   RO         3979    .text               c_w.l(_printf_fp_infnan.o)
    0x08001224   0x08001224   0x000000e4   Code   RO         3981    .text               c_w.l(bigflt0.o)
    0x08001308   0x08001308   0x00000012   Code   RO         4009    .text               c_w.l(exit.o)
    0x0800131a   0x0800131a   0x00000002   PAD
    0x0800131c   0x0800131c   0x00000008   Code   RO         4023    .text               c_w.l(libspace.o)
    0x08001324   0x08001324   0x00000080   Code   RO         4031    .text               c_w.l(strcmpv7m.o)
    0x080013a4   0x080013a4   0x0000000c   Code   RO         4089    .text               c_w.l(sys_exit.o)
    0x080013b0   0x080013b0   0x00000002   Code   RO         4100    .text               c_w.l(use_no_semi.o)
    0x080013b2   0x080013b2   0x00000000   Code   RO         4102    .text               c_w.l(indicate_semi.o)
    0x080013b2   0x080013b2   0x0000003e   Code   RO         3984    CL$$btod_d2e        c_w.l(btod.o)
    0x080013f0   0x080013f0   0x00000046   Code   RO         3986    CL$$btod_d2e_denorm_low  c_w.l(btod.o)
    0x08001436   0x08001436   0x00000060   Code   RO         3985    CL$$btod_d2e_norm_op1  c_w.l(btod.o)
    0x08001496   0x08001496   0x00000338   Code   RO         3994    CL$$btod_div_common  c_w.l(btod.o)
    0x080017ce   0x080017ce   0x000000dc   Code   RO         3991    CL$$btod_e2e        c_w.l(btod.o)
    0x080018aa   0x080018aa   0x0000002a   Code   RO         3988    CL$$btod_ediv       c_w.l(btod.o)
    0x080018d4   0x080018d4   0x0000002a   Code   RO         3987    CL$$btod_emul       c_w.l(btod.o)
    0x080018fe   0x080018fe   0x00000244   Code   RO         3993    CL$$btod_mult_common  c_w.l(btod.o)
    0x08001b42   0x08001b42   0x00000002   Code   RO          115    i.BusFault_Handler  stm32f10x_it.o
    0x08001b44   0x08001b44   0x00000002   Code   RO          116    i.DebugMon_Handler  stm32f10x_it.o
    0x08001b46   0x08001b46   0x00000018   Code   RO          633    i.Delay_ms          delay.o
    0x08001b5e   0x08001b5e   0x00000020   Code   RO          635    i.Delay_us          delay.o
    0x08001b7e   0x08001b7e   0x000000a6   Code   RO         1915    i.GPIO_Init         stm32f10x_gpio.o
    0x08001c24   0x08001c24   0x00000002   Code   RO          117    i.HardFault_Handler  stm32f10x_it.o
    0x08001c26   0x08001c26   0x00000018   Code   RO         2029    i.I2C_CheckEvent    stm32f10x_i2c.o
    0x08001c3e   0x08001c3e   0x00000018   Code   RO         2032    i.I2C_Cmd           stm32f10x_i2c.o
    0x08001c56   0x08001c56   0x00000018   Code   RO         2039    i.I2C_GenerateSTART  stm32f10x_i2c.o
    0x08001c6e   0x08001c6e   0x00000018   Code   RO         2040    i.I2C_GenerateSTOP  stm32f10x_i2c.o
    0x08001c86   0x08001c86   0x00000032   Code   RO         2041    i.I2C_GetFlagStatus  stm32f10x_i2c.o
    0x08001cb8   0x08001cb8   0x00000074   Code   RO          229    i.I2C_HW_Init       i2c_hardware.o
    0x08001d2c   0x08001d2c   0x0000002c   Code   RO          230    i.I2C_HW_SendAddr   i2c_hardware.o
    0x08001d58   0x08001d58   0x00000028   Code   RO          231    i.I2C_HW_SendByte   i2c_hardware.o
    0x08001d80   0x08001d80   0x00000024   Code   RO          232    i.I2C_HW_Start      i2c_hardware.o
    0x08001da4   0x08001da4   0x00000028   Code   RO          233    i.I2C_HW_Stop       i2c_hardware.o
    0x08001dcc   0x08001dcc   0x000000c0   Code   RO         2046    i.I2C_Init          stm32f10x_i2c.o
    0x08001e8c   0x08001e8c   0x00000012   Code   RO         2053    i.I2C_Send7bitAddress  stm32f10x_i2c.o
    0x08001e9e   0x08001e9e   0x00000004   Code   RO         2054    i.I2C_SendData      stm32f10x_i2c.o
    0x08001ea2   0x08001ea2   0x00000002   Code   RO          118    i.MemManage_Handler  stm32f10x_it.o
    0x08001ea4   0x08001ea4   0x00000002   Code   RO          119    i.NMI_Handler       stm32f10x_it.o
    0x08001ea6   0x08001ea6   0x00000002   PAD
    0x08001ea8   0x08001ea8   0x00000064   Code   RO          728    i.NVIC_Init         misc.o
    0x08001f0c   0x08001f0c   0x00000026   Code   RO          313    i.OLED_Clear        oled.o
    0x08001f32   0x08001f32   0x0000002c   Code   RO          314    i.OLED_ClearLine    oled.o
    0x08001f5e   0x08001f5e   0x00000002   PAD
    0x08001f60   0x08001f60   0x000000a4   Code   RO          318    i.OLED_Init         oled.o
    0x08002004   0x08002004   0x00000086   Code   RO          321    i.OLED_Scroll_VH    oled.o
    0x0800208a   0x0800208a   0x00000022   Code   RO          323    i.OLED_SetCursor    oled.o
    0x080020ac   0x080020ac   0x00000004   Code   RO          324    i.OLED_SetDisplayMode  oled.o
    0x080020b0   0x080020b0   0x0000007c   Code   RO          327    i.OLED_ShowChar     oled.o
    0x0800212c   0x0800212c   0x0000002e   Code   RO          332    i.OLED_ShowString   oled.o
    0x0800215a   0x0800215a   0x00000006   Code   RO          334    i.OLED_Stop_Scroll  oled.o
    0x08002160   0x08002160   0x00000034   Code   RO          336    i.OLED_WriteCommand  oled.o
    0x08002194   0x08002194   0x00000034   Code   RO          337    i.OLED_WriteData    oled.o
    0x080021c8   0x080021c8   0x00000016   Code   RO          338    i.OLED_delay        oled.o
    0x080021de   0x080021de   0x00000002   Code   RO          120    i.PendSV_Handler    stm32f10x_it.o
    0x080021e0   0x080021e0   0x0000001c   Code   RO         2343    i.RCC_APB1PeriphClockCmd  stm32f10x_rcc.o
    0x080021fc   0x080021fc   0x0000001c   Code   RO         2345    i.RCC_APB2PeriphClockCmd  stm32f10x_rcc.o
    0x08002218   0x08002218   0x000000ac   Code   RO         2353    i.RCC_GetClocksFreq  stm32f10x_rcc.o
    0x080022c4   0x080022c4   0x00000002   Code   RO          121    i.SVC_Handler       stm32f10x_it.o
    0x080022c6   0x080022c6   0x00000004   Code   RO          668    i.SetSysClock       system_stm32f10x.o
    0x080022ca   0x080022ca   0x00000002   PAD
    0x080022cc   0x080022cc   0x000000b0   Code   RO          669    i.SetSysClockTo72   system_stm32f10x.o
    0x0800237c   0x0800237c   0x00000002   Code   RO          122    i.SysTick_Handler   stm32f10x_it.o
    0x0800237e   0x0800237e   0x00000002   PAD
    0x08002380   0x08002380   0x00000050   Code   RO          671    i.SystemInit        system_stm32f10x.o
    0x080023d0   0x080023d0   0x00000010   Code   RO          508    i.UART_GetRecLength  uart.o
    0x080023e0   0x080023e0   0x0000000c   Code   RO          509    i.UART_GetRecStatus  uart.o
    0x080023ec   0x080023ec   0x000000a0   Code   RO          510    i.UART_Init         uart.o
    0x0800248c   0x0800248c   0x0000000c   Code   RO          511    i.UART_ResetRecStatus  uart.o
    0x08002498   0x08002498   0x00000020   Code   RO          512    i.UART_SendData     uart.o
    0x080024b8   0x080024b8   0x00000058   Code   RO          513    i.UART_printf       uart.o
    0x08002510   0x08002510   0x00000070   Code   RO          514    i.USART1_IRQHandler  uart.o
    0x08002580   0x08002580   0x00000018   Code   RO         3528    i.USART_Cmd         stm32f10x_usart.o
    0x08002598   0x08002598   0x0000000e   Code   RO         3531    i.USART_GetFlagStatus  stm32f10x_usart.o
    0x080025a6   0x080025a6   0x00000040   Code   RO         3532    i.USART_GetITStatus  stm32f10x_usart.o
    0x080025e6   0x080025e6   0x00000036   Code   RO         3534    i.USART_ITConfig    stm32f10x_usart.o
    0x0800261c   0x0800261c   0x000000bc   Code   RO         3535    i.USART_Init        stm32f10x_usart.o
    0x080026d8   0x080026d8   0x00000008   Code   RO         3542    i.USART_ReceiveData  stm32f10x_usart.o
    0x080026e0   0x080026e0   0x00000008   Code   RO         3545    i.USART_SendData    stm32f10x_usart.o
    0x080026e8   0x080026e8   0x00000002   Code   RO          123    i.UsageFault_Handler  stm32f10x_it.o
    0x080026ea   0x080026ea   0x00000028   Code   RO         4021    i.__ARM_fpclassify  m_ws.l(fpclassify.o)
    0x08002712   0x08002712   0x0000000e   Code   RO         3881    i._is_digit         c_w.l(__printf_wp.o)
    0x08002720   0x08002720   0x0000023c   Code   RO            1    i.main              main.o
    0x0800295c   0x0800295c   0x0000002c   Code   RO         4007    locale$$code        c_w.l(lc_numeric_c.o)
    0x08002988   0x08002988   0x0000002c   Code   RO         4029    locale$$code        c_w.l(lc_ctype_c.o)
    0x080029b4   0x080029b4   0x00000004   Code   RO         3926    x$fpl$printf1       fz_ws.l(printf1.o)
    0x080029b8   0x080029b8   0x00000004   Code   RO         3928    x$fpl$printf2       fz_ws.l(printf2.o)
    0x080029bc   0x080029bc   0x00000000   Code   RO         3934    x$fpl$usenofp       fz_ws.l(usenofp.o)
    0x080029bc   0x080029bc   0x00000010   Data   RO            2    .constdata          main.o
    0x080029cc   0x080029cc   0x00000858   Data   RO          339    .constdata          oled.o
    0x08003224   0x08003224   0x00000008   Data   RO         3840    .constdata          c_w.l(_printf_wctomb.o)
    0x0800322c   0x0800322c   0x00000028   Data   RO         3869    .constdata          c_w.l(_printf_hex_int_ll_ptr.o)
    0x08003254   0x08003254   0x00000011   Data   RO         3889    .constdata          c_w.l(__printf_flags_ss_wp.o)
    0x08003265   0x08003265   0x00000026   Data   RO         3957    .constdata          c_w.l(_printf_fp_hex.o)
    0x0800328b   0x0800328b   0x00000001   PAD
    0x0800328c   0x0800328c   0x00000094   Data   RO         3982    .constdata          c_w.l(bigflt0.o)
    0x08003320   0x08003320   0x00000020   Data   RO         4157    Region$$Table       anon$$obj.o
    0x08003340   0x08003340   0x0000001c   Data   RO         4006    locale$$data        c_w.l(lc_numeric_c.o)
    0x0800335c   0x0800335c   0x00000110   Data   RO         4028    locale$$data        c_w.l(lc_ctype_c.o)


    Execution Region RW_IRAM1 (Exec base: 0x20000000, Load base: 0x0800346c, Size: 0x00000780, Max: 0x00005000, ABSOLUTE)

    Exec Addr    Load Addr    Size         Type   Attr      Idx    E Section Name        Object

    0x20000000   0x0800346c   0x00000004   Data   RW          340    .data               oled.o
    0x20000004   0x08003470   0x00000002   Data   RW          516    .data               uart.o
    0x20000006   0x08003472   0x00000014   Data   RW         2373    .data               stm32f10x_rcc.o
    0x2000001a   0x08003486   0x00000002   PAD
    0x2000001c        -       0x000000ff   Zero   RW          515    .bss                uart.o
    0x2000011b   0x08003486   0x00000001   PAD
    0x2000011c        -       0x00000060   Zero   RW         4024    .bss                c_w.l(libspace.o)
    0x2000017c   0x08003486   0x00000004   PAD
    0x20000180        -       0x00000200   Zero   RW          722    HEAP                startup_stm32f10x_md.o
    0x20000380        -       0x00000400   Zero   RW          721    STACK               startup_stm32f10x_md.o


==============================================================================

Image component sizes


      Code (inc. data)   RO Data    RW Data    ZI Data      Debug   Object Name

         0          0          0          0          0         32   core_cm3.o
        56          0          0          0          0        938   delay.o
       276         44          0          0          0       2755   i2c_hardware.o
       572        178         16          0          0     240647   main.o
       100          4          0          0          0       2776   misc.o
       720         28       2136          4          0       9265   oled.o
        64         26        236          0       1536        796   startup_stm32f10x_md.o
       166          0          0          0          0      10408   stm32f10x_gpio.o
       360         10          0          0          0      14634   stm32f10x_i2c.o
        18          0          0          0          0       3750   stm32f10x_it.o
       228         30          0         20          0      13298   stm32f10x_rcc.o
       360          6          0          0          0      12365   stm32f10x_usart.o
       260         26          0          0          0       1941   system_stm32f10x.o
       432         44          0          2        255       5242   uart.o

    ----------------------------------------------------------------------
      3620        396       2420         28       1792     318847   Object Totals
         0          0         32          0          0          0   (incl. Generated)
         8          0          0          2          1          0   (incl. Padding)

    ----------------------------------------------------------------------

      Code (inc. data)   RO Data    RW Data    ZI Data      Debug   Library Member Name

         8          0          0          0          0         68   __main.o
       392          4         17          0          0         92   __printf_flags_ss_wp.o
        14          0          0          0          0         68   __printf_wp.o
         0          0          0          0          0          0   __rtentry.o
        12          0          0          0          0          0   __rtentry2.o
         6          0          0          0          0          0   __rtentry4.o
        52          8          0          0          0          0   __scatter.o
        26          0          0          0          0          0   __scatter_copy.o
        28          0          0          0          0          0   __scatter_zi.o
         6          0          0          0          0          0   _printf_a.o
         6          0          0          0          0          0   _printf_c.o
        44          0          0          0          0        108   _printf_char.o
        48          6          0          0          0         96   _printf_char_common.o
        40          0          0          0          0         68   _printf_charcount.o
         6          0          0          0          0          0   _printf_d.o
       120         16          0          0          0         92   _printf_dec.o
         6          0          0          0          0          0   _printf_e.o
         6          0          0          0          0          0   _printf_f.o
      1054          0          0          0          0        216   _printf_fp_dec.o
       764          8         38          0          0        100   _printf_fp_hex.o
       128         16          0          0          0         84   _printf_fp_infnan.o
         6          0          0          0          0          0   _printf_g.o
       148          4         40          0          0        160   _printf_hex_int_ll_ptr.o
         6          0          0          0          0          0   _printf_i.o
       178          0          0          0          0         88   _printf_intcommon.o
        10          0          0          0          0          0   _printf_l.o
         6          0          0          0          0          0   _printf_lc.o
        10          0          0          0          0          0   _printf_ll.o
         6          0          0          0          0          0   _printf_lld.o
         6          0          0          0          0          0   _printf_lli.o
         6          0          0          0          0          0   _printf_llo.o
         6          0          0          0          0          0   _printf_llu.o
         6          0          0          0          0          0   _printf_llx.o
       124         16          0          0          0         92   _printf_longlong_dec.o
         6          0          0          0          0          0   _printf_ls.o
         6          0          0          0          0          0   _printf_n.o
         6          0          0          0          0          0   _printf_o.o
       112         10          0          0          0        124   _printf_oct_int_ll.o
         6          0          0          0          0          0   _printf_p.o
        78          0          0          0          0        108   _printf_pad.o
         0          0          0          0          0          0   _printf_percent.o
         4          0          0          0          0          0   _printf_percent_end.o
         6          0          0          0          0          0   _printf_s.o
        82          0          0          0          0         80   _printf_str.o
        36          0          0          0          0         84   _printf_truncate.o
         6          0          0          0          0          0   _printf_u.o
        44          0          0          0          0        108   _printf_wchar.o
       188          6          8          0          0         92   _printf_wctomb.o
         6          0          0          0          0          0   _printf_x.o
        10          0          0          0          0         68   _sputc.o
        64          0          0          0          0         92   _wcrtomb.o
       228          4        148          0          0         96   bigflt0.o
      1936        128          0          0          0        672   btod.o
        18          0          0          0          0         80   exit.o
         6          0          0          0          0        152   heapauxi.o
         0          0          0          0          0          0   indicate_semi.o
        44         10        272          0          0         76   lc_ctype_c.o
        44         10         28          0          0         76   lc_numeric_c.o
         2          0          0          0          0          0   libinit.o
        30          0          0          0          0          0   libinit2.o
         2          0          0          0          0          0   libshutdown.o
         2          0          0          0          0          0   libshutdown2.o
         8          4          0          0         96         68   libspace.o
       138          0          0          0          0         80   lludiv10.o
        16          4          0          0          0         76   rt_ctype_table.o
         8          4          0          0          0         68   rt_locale_intlibspace.o
        78          0          0          0          0         80   rt_memclr_w.o
         2          0          0          0          0          0   rtexit.o
        10          0          0          0          0          0   rtexit2.o
       128          0          0          0          0         68   strcmpv7m.o
        12          4          0          0          0         68   sys_exit.o
        74          0          0          0          0         80   sys_stackheap_outer.o
         2          0          0          0          0         68   use_no_semi.o
        36          4          0          0          0         76   vsprintf.o
         4          0          0          0          0         68   printf1.o
         4          0          0          0          0         68   printf2.o
         0          0          0          0          0          0   usenofp.o
        40          0          0          0          0         68   fpclassify.o

    ----------------------------------------------------------------------
      6828        266        552          0        100       4176   Library Totals
        12          0          1          0          4          0   (incl. Padding)

    ----------------------------------------------------------------------

      Code (inc. data)   RO Data    RW Data    ZI Data      Debug   Library Name

      6768        266        551          0         96       3972   c_w.l
         8          0          0          0          0        136   fz_ws.l
        40          0          0          0          0         68   m_ws.l

    ----------------------------------------------------------------------
      6828        266        552          0        100       4176   Library Totals

    ----------------------------------------------------------------------

==============================================================================


      Code (inc. data)   RO Data    RW Data    ZI Data      Debug   

     10448        662       2972         28       1892     317923   Grand Totals
     10448        662       2972         28       1892     317923   ELF Image Totals
     10448        662       2972         28          0          0   ROM Totals

==============================================================================

    Total RO  Size (Code + RO Data)                13420 (  13.11kB)
    Total RW  Size (RW Data + ZI Data)              1920 (   1.88kB)
    Total ROM Size (Code + RO Data + RW Data)      13448 (  13.13kB)

==============================================================================

